ARM Linker, 4.1 [Build 894] [Standard]

==============================================================================

Section Cross References

    startup_stm32f10x_hd.o(RESET) refers to startup_stm32f10x_hd.o(STACK) for __initial_sp
    startup_stm32f10x_hd.o(RESET) refers to startup_stm32f10x_hd.o(.text) for Reset_Handler
    startup_stm32f10x_hd.o(RESET) refers to stm32f10x_it.o(i.NMI_Handler) for NMI_Handler
    startup_stm32f10x_hd.o(RESET) refers to stm32f10x_it.o(i.HardFault_Handler) for HardFault_Handler
    startup_stm32f10x_hd.o(RESET) refers to stm32f10x_it.o(i.MemManage_Handler) for MemManage_Handler
    startup_stm32f10x_hd.o(RESET) refers to stm32f10x_it.o(i.BusFault_Handler) for BusFault_Handler
    startup_stm32f10x_hd.o(RESET) refers to stm32f10x_it.o(i.UsageFault_Handler) for UsageFault_Handler
    startup_stm32f10x_hd.o(RESET) refers to stm32f10x_it.o(i.SVC_Handler) for SVC_Handler
    startup_stm32f10x_hd.o(RESET) refers to stm32f10x_it.o(i.DebugMon_Handler) for DebugMon_Handler
    startup_stm32f10x_hd.o(RESET) refers to stm32f10x_it.o(i.PendSV_Handler) for PendSV_Handler
    startup_stm32f10x_hd.o(RESET) refers to stm32f10x_it.o(i.SysTick_Handler) for SysTick_Handler
    startup_stm32f10x_hd.o(RESET) refers to stm32f10x_it.o(i.PVD_IRQHandler) for PVD_IRQHandler
    startup_stm32f10x_hd.o(RESET) refers to stm32f10x_it.o(i.EXTI0_IRQHandler) for EXTI0_IRQHandler
    startup_stm32f10x_hd.o(RESET) refers to stm32f10x_it.o(i.EXTI1_IRQHandler) for EXTI1_IRQHandler
    startup_stm32f10x_hd.o(RESET) refers to stm32f10x_it.o(i.EXTI2_IRQHandler) for EXTI2_IRQHandler
    startup_stm32f10x_hd.o(RESET) refers to stm32f10x_it.o(i.EXTI3_IRQHandler) for EXTI3_IRQHandler
    startup_stm32f10x_hd.o(RESET) refers to stm32f10x_it.o(i.EXTI4_IRQHandler) for EXTI4_IRQHandler
    startup_stm32f10x_hd.o(RESET) refers to usb_it.o(i.USB_LP_CAN1_RX0_IRQHandler) for USB_LP_CAN1_RX0_IRQHandler
    startup_stm32f10x_hd.o(RESET) refers to stm32f10x_it.o(i.EXTI9_5_IRQHandler) for EXTI9_5_IRQHandler
    startup_stm32f10x_hd.o(RESET) refers to usb_endp.o(i.TIM2_IRQHandler) for TIM2_IRQHandler
    startup_stm32f10x_hd.o(RESET) refers to stm32f10x_it.o(i.TIM3_IRQHandler) for TIM3_IRQHandler
    startup_stm32f10x_hd.o(RESET) refers to stm32f10x_it.o(i.TIM4_IRQHandler) for TIM4_IRQHandler
    startup_stm32f10x_hd.o(RESET) refers to qrcode.o(i.USART1_IRQHandler) for USART1_IRQHandler
    startup_stm32f10x_hd.o(RESET) refers to hostcomm.o(i.USART2_IRQHandler) for USART2_IRQHandler
    startup_stm32f10x_hd.o(RESET) refers to stm32f10x_it.o(i.EXTI15_10_IRQHandler) for EXTI15_10_IRQHandler
    startup_stm32f10x_hd.o(RESET) refers to usb_it.o(i.USBWakeUp_IRQHandler) for USBWakeUp_IRQHandler
    startup_stm32f10x_hd.o(RESET) refers to stm32f10x_it.o(i.TIM7_IRQHandler) for TIM7_IRQHandler
    startup_stm32f10x_hd.o(.text) refers to system_stm32f10x.o(i.SystemInit) for SystemInit
    startup_stm32f10x_hd.o(.text) refers to entry.o(.ARM.Collect$$$$00000000) for __main
    system_stm32f10x.o(i.SetSysClock) refers to system_stm32f10x.o(i.SetSysClockTo72) for SetSysClockTo72
    system_stm32f10x.o(i.SystemCoreClockUpdate) refers to system_stm32f10x.o(.data) for SystemCoreClock
    system_stm32f10x.o(i.SystemInit) refers to system_stm32f10x.o(i.SetSysClock) for SetSysClock
    stm32f10x_adc.o(i.ADC_DeInit) refers to stm32f10x_rcc.o(i.RCC_APB2PeriphResetCmd) for RCC_APB2PeriphResetCmd
    stm32f10x_bkp.o(i.BKP_DeInit) refers to stm32f10x_rcc.o(i.RCC_BackupResetCmd) for RCC_BackupResetCmd
    stm32f10x_can.o(i.CAN_DeInit) refers to stm32f10x_rcc.o(i.RCC_APB1PeriphResetCmd) for RCC_APB1PeriphResetCmd
    stm32f10x_can.o(i.CAN_GetITStatus) refers to stm32f10x_can.o(i.CheckITStatus) for CheckITStatus
    stm32f10x_cec.o(i.CEC_DeInit) refers to stm32f10x_rcc.o(i.RCC_APB1PeriphResetCmd) for RCC_APB1PeriphResetCmd
    stm32f10x_dac.o(i.DAC_DeInit) refers to stm32f10x_rcc.o(i.RCC_APB1PeriphResetCmd) for RCC_APB1PeriphResetCmd
    stm32f10x_flash.o(i.FLASH_EnableWriteProtection) refers to stm32f10x_flash.o(i.FLASH_WaitForLastOperation) for FLASH_WaitForLastOperation
    stm32f10x_flash.o(i.FLASH_EraseAllBank1Pages) refers to stm32f10x_flash.o(i.FLASH_WaitForLastBank1Operation) for FLASH_WaitForLastBank1Operation
    stm32f10x_flash.o(i.FLASH_EraseAllPages) refers to stm32f10x_flash.o(i.FLASH_WaitForLastOperation) for FLASH_WaitForLastOperation
    stm32f10x_flash.o(i.FLASH_EraseOptionBytes) refers to stm32f10x_flash.o(i.FLASH_GetReadOutProtectionStatus) for FLASH_GetReadOutProtectionStatus
    stm32f10x_flash.o(i.FLASH_EraseOptionBytes) refers to stm32f10x_flash.o(i.FLASH_WaitForLastOperation) for FLASH_WaitForLastOperation
    stm32f10x_flash.o(i.FLASH_ErasePage) refers to stm32f10x_flash.o(i.FLASH_WaitForLastOperation) for FLASH_WaitForLastOperation
    stm32f10x_flash.o(i.FLASH_ProgramHalfWord) refers to stm32f10x_flash.o(i.FLASH_WaitForLastOperation) for FLASH_WaitForLastOperation
[...]
    EXTI15_10_IRQHandler                     0x0800157f   Thumb Code     2  stm32f10x_it.o(i.EXTI15_10_IRQHandler)
    EXTI1_IRQHandler                         0x08001581   Thumb Code    20  stm32f10x_it.o(i.EXTI1_IRQHandler)
    EXTI2_IRQHandler                         0x08001599   Thumb Code    14  stm32f10x_it.o(i.EXTI2_IRQHandler)
    EXTI3_IRQHandler                         0x080015a7   Thumb Code     2  stm32f10x_it.o(i.EXTI3_IRQHandler)
    EXTI4_IRQHandler                         0x080015a9   Thumb Code    40  stm32f10x_it.o(i.EXTI4_IRQHandler)
    EXTI9_5_IRQHandler                       0x080015d9   Thumb Code    96  stm32f10x_it.o(i.EXTI9_5_IRQHandler)
    EXTIX_Init                               0x08001641   Thumb Code   174  humaninput.o(i.EXTIX_Init)
    EXTI_ClearITPendingBit                   0x080016f1   Thumb Code     6  stm32f10x_exti.o(i.EXTI_ClearITPendingBit)
    EXTI_GetITStatus                         0x080016fd   Thumb Code    34  stm32f10x_exti.o(i.EXTI_GetITStatus)
    EXTI_Init                                0x08001725   Thumb Code   142  stm32f10x_exti.o(i.EXTI_Init)
    EXTI_Key_Confirm_Disable                 0x080017b9   Thumb Code    40  humaninput.o(i.EXTI_Key_Confirm_Disable)
    EXTI_Key_Confirm_Enable                  0x080017e1   Thumb Code    68  humaninput.o(i.EXTI_Key_Confirm_Enable)
    FSMC_NORSRAMCmd                          0x08001825   Thumb Code    46  stm32f10x_fsmc.o(i.FSMC_NORSRAMCmd)
    FSMC_NORSRAMInit                         0x08001859   Thumb Code   224  stm32f10x_fsmc.o(i.FSMC_NORSRAMInit)
    GPIO_EXTILineConfig                      0x08001939   Thumb Code    60  stm32f10x_gpio.o(i.GPIO_EXTILineConfig)
    GPIO_Init                                0x08001979   Thumb Code   274  stm32f10x_gpio.o(i.GPIO_Init)
    GPIO_PinRemapConfig                      0x08001a8d   Thumb Code   138  stm32f10x_gpio.o(i.GPIO_PinRemapConfig)
    GPIO_ReadInputDataBit                    0x08001b1d   Thumb Code    18  stm32f10x_gpio.o(i.GPIO_ReadInputDataBit)
    GPIO_ResetBits                           0x08001b2f   Thumb Code     4  stm32f10x_gpio.o(i.GPIO_ResetBits)
    GPIO_SetBits                             0x08001b33   Thumb Code     4  stm32f10x_gpio.o(i.GPIO_SetBits)
    GPIO_WriteBit                            0x08001b37   Thumb Code    10  stm32f10x_gpio.o(i.GPIO_WriteBit)
    GetEPRxAddr                              0x08001b41   Thumb Code    24  usb_regs.o(i.GetEPRxAddr)
    GetEPRxCount                             0x08001b61   Thumb Code    26  usb_regs.o(i.GetEPRxCount)
    GetEPTxAddr                              0x08001b85   Thumb Code    22  usb_regs.o(i.GetEPTxAddr)
    Get_SerialNum                            0x08001ba5   Thumb Code    42  hw_config.o(i.Get_SerialNum)
    Get_Start_Postion                        0x08001bd9   Thumb Code   208  interface_testing.o(i.Get_Start_Postion)
    Get_sampleBuffer_Max_Value               0x08001cb1   Thumb Code    54  interface_testing.o(i.Get_sampleBuffer_Max_Value)
    HardFault_Handler                        0x08001cf1   Thumb Code     4  stm32f10x_it.o(i.HardFault_Handler)
    HostComm_Init                            0x08001d41   Thumb Code    20  hostcomm.o(i.HostComm_Init)
    HumanInput_Init                          0x08001d75   Thumb Code    58  humaninput.o(i.HumanInput_Init)
    I2C_Ack                                  0x08001db9   Thumb Code    60  systemmanage_rtc.o(i.I2C_Ack)
    I2C_NoAck                                0x08001df9   Thumb Code    60  systemmanage_rtc.o(i.I2C_NoAck)
    IIC_ReadByte                             0x08001e39   Thumb Code    78  systemmanage_rtc.o(i.IIC_ReadByte)
    IIC_Start                                0x08001e8d   Thumb Code    54  systemmanage_rtc.o(i.IIC_Start)
    IIC_Stop                                 0x08001ec9   Thumb Code    60  systemmanage_rtc.o(i.IIC_Stop)
    IIC_WaitAck                              0x08001f09   Thumb Code    80  systemmanage_rtc.o(i.IIC_WaitAck)
    IIC_WriteByte                            0x08001f5d   Thumb Code    96  systemmanage_rtc.o(i.IIC_WriteByte)
    In0_Process                              0x08001fc1   Thumb Code    98  usb_core.o(i.In0_Process)
    Interface_Insert_Cup                     0x08002071   Thumb Code    54  interface_insert_cup.o(i.Interface_Insert_Cup)
    Interface_Key_Event                      0x080020bd   Thumb Code   250  interface_main.o(i.Interface_Key_Event)
    Interface_Main                           0x080021d1   Thumb Code    42  interface_main.o(i.Interface_Main)
    Interface_Main_font                      0x0800220d   Thumb Code    50  interface_main.o(i.Interface_Main_font)
    Interface_Process                        0x08002251   Thumb Code    44  interface_main.o(i.Interface_Process)
    Interface_Quick                          0x08002285   Thumb Code    96  interface_quick.o(i.Interface_Quick)
    Interface_Quick_font                     0x08002301   Thumb Code    42  interface_quick.o(i.Interface_Quick_font)
    Interface_Record                         0x08002339   Thumb Code    60  interface_record.o(i.Interface_Record)
    Interface_Result                         0x0800238d   Thumb Code    66  interface_result.o(i.Interface_Result)
    Interface_Result_2                       0x080023ed   Thumb Code    60  interface_result_2.o(i.Interface_Result_2)
    Interface_Setting                        0x08002441   Thumb Code    60  interface_setting.o(i.Interface_Setting)
    Interface_Standard                       0x08002495   Thumb Code    56  interface_standard.o(i.Interface_Standard)
    Interface_Start                          0x080024dd   Thumb Code    58  interface_start.o(i.Interface_Start)
    Interface_Testing                        0x0800252d   Thumb Code    84  interface_testing.o(i.Interface_Testing)
    Key_Confirm                              0x08002591   Thumb Code    64  humaninput.o(i.Key_Confirm)
    Key_Left                                 0x080025ed   Thumb Code   108  humaninput.o(i.Key_Left)
    Key_Right                                0x08002669   Thumb Code    84  humaninput.o(i.Key_Right)
    LCD_GPIO_Config                          0x08002729   Thumb Code   196  displaydriver.o(i.LCD_GPIO_Config)
    Lcd_ColorBox                             0x08002829   Thumb Code    68  displaydriver.o(i.Lcd_ColorBox)
    Lcd_ColorSpot                            0x08002871   Thumb Code    28  displaydriver.o(i.Lcd_ColorSpot)
    Leave_LowPowerMode                       0x08002891   Thumb Code    22  hw_config.o(i.Leave_LowPowerMode)
    MemManage_Handler                        0x080028b1   Thumb Code     4  stm32f10x_it.o(i.MemManage_Handler)
    NMI_Handler                              0x080028b5   Thumb Code     2  stm32f10x_it.o(i.NMI_Handler)
    NOP_Process                              0x080028b7   Thumb Code     2  usb_core.o(i.NOP_Process)
    NVIC_Init                                0x080028b9   Thumb Code   102  misc.o(i.NVIC_Init)
    NVIC_PriorityGroupConfig                 0x0800292d   Thumb Code    10  misc.o(i.NVIC_PriorityGroupConfig)
    Out0_Process                             0x08002a75   Thumb Code    70  usb_core.o(i.Out0_Process)
    PCF8563_Init                             0x08002ac5   Thumb Code    54  systemmanage_rtc.o(i.PCF8563_Init)
    PCF8563_Read                             0x08002b01   Thumb Code   312  systemmanage_rtc.o(i.PCF8563_Read)
    PMAToUserBufferCopy                      0x08002c39   Thumb Code    32  usb_mem.o(i.PMAToUserBufferCopy)
    PVD_IRQHandler                           0x08002c5d   Thumb Code     2  stm32f10x_it.o(i.PVD_IRQHandler)
    PendSV_Handler                           0x08002c5f   Thumb Code     2  stm32f10x_it.o(i.PendSV_Handler)
    Post0_Process                            0x08002c61   Thumb Code    54  usb_core.o(i.Post0_Process)
    PowerOn                                  0x08002ca9   Thumb Code    54  usb_pwr.o(i.PowerOn)
    QRCode_GPIO_Init                         0x08002ce9   Thumb Code    34  qrcode.o(i.QRCode_GPIO_Init)
    QRCode_Init                              0x08002d11   Thumb Code    12  qrcode.o(i.QRCode_Init)
    QRCode_Trigger_Disabled                  0x08002d1d   Thumb Code    12  qrcode.o(i.QRCode_Trigger_Disabled)
    QRCode_Trigger_Enabled                   0x08002d2d   Thumb Code    12  qrcode.o(i.QRCode_Trigger_Enabled)
    QRCode_Uart_Config                       0x08002d3d   Thumb Code    70  qrcode.o(i.QRCode_Uart_Config)
    QRCode_Uart_GPIO_Init                    0x08002d89   Thumb Code    54  qrcode.o(i.QRCode_Uart_GPIO_Init)
    QRCode_Uart_Init                         0x08002dc5   Thumb Code    24  qrcode.o(i.QRCode_Uart_Init)
    QRCode_Uart_NVIC_Configuration           0x08002ddd   Thumb Code    34  qrcode.o(i.QRCode_Uart_NVIC_Configuration)
    RCC_AHBPeriphClockCmd                    0x08002e01   Thumb Code    26  stm32f10x_rcc.o(i.RCC_AHBPeriphClockCmd)
    RCC_APB1PeriphClockCmd                   0x08002e21   Thumb Code    26  stm32f10x_rcc.o(i.RCC_APB1PeriphClockCmd)
    RCC_APB2PeriphClockCmd                   0x08002e41   Thumb Code    26  stm32f10x_rcc.o(i.RCC_APB2PeriphClockCmd)
    RCC_Configuration                        0x08002e61   Thumb Code    28  displaydriver.o(i.RCC_Configuration)
    RCC_GetClocksFreq                        0x08002e81   Thumb Code   192  stm32f10x_rcc.o(i.RCC_GetClocksFreq)
    RCC_USBCLKConfig                         0x08002f55   Thumb Code     6  stm32f10x_rcc.o(i.RCC_USBCLKConfig)
    Resume                                   0x08002f61   Thumb Code   194  usb_pwr.o(i.Resume)
    Resume_Init                              0x08003031   Thumb Code    30  usb_pwr.o(i.Resume_Init)
    RotaMotorDriver_GPIO_Init                0x08003055   Thumb Code    76  rotationmotor.o(i.RotaMotorDriver_GPIO_Init)
    RotaMotorDriver_PositionSensor_Init      0x080030a5   Thumb Code    96  rotationmotordriver_positionsensor.o(i.RotaMotorDriver_PositionSensor_Init)
    RotaMotorDriver_PositionSensor_Int_Disable 0x08003109   Thumb Code    32  rotationmotordriver_positionsensor.o(i.RotaMotorDriver_PositionSensor_Int_Disable)
    RotationMotor_Init                       0x08003129   Thumb Code    12  rotationmotor.o(i.RotationMotor_Init)
    RotationMotor_Input_StepDrive            0x08003135   Thumb Code    40  rotationmotor.o(i.RotationMotor_Input_StepDrive)
    RotationMotor_SelfCheck_StepDrive        0x08003225   Thumb Code    54  rotationmotor.o(i.RotationMotor_SelfCheck_StepDrive)
    RotationMotor_StepDrive_Min              0x08003265   Thumb Code    32  rotationmotor.o(i.RotationMotor_StepDrive_Min)
    SOF_Callback                             0x08003285   Thumb Code   166  usb_endp.o(i.SOF_Callback)
    SPI_Cmd                                  0x08003345   Thumb Code    24  stm32f10x_spi.o(i.SPI_Cmd)
    SPI_I2S_GetFlagStatus                    0x0800335d   Thumb Code    18  stm32f10x_spi.o(i.SPI_I2S_GetFlagStatus)
    SPI_I2S_SendData                         0x0800336f   Thumb Code     4  stm32f10x_spi.o(i.SPI_I2S_SendData)
    SPI_Init                                 0x08003373   Thumb Code    60  stm32f10x_spi.o(i.SPI_Init)
    SVC_Handler                              0x080033af   Thumb Code     2  stm32f10x_it.o(i.SVC_Handler)
    ScanMotorDriver_A1                       0x080033b1   Thumb Code    36  scanmotordriver.o(i.ScanMotorDriver_A1)
    ScanMotorDriver_A2                       0x080033dd   Thumb Code    36  scanmotordriver.o(i.ScanMotorDriver_A2)
    ScanMotorDriver_B1                       0x08003409   Thumb Code    36  scanmotordriver.o(i.ScanMotorDriver_B1)
    ScanMotorDriver_B2                       0x08003435   Thumb Code    36  scanmotordriver.o(i.ScanMotorDriver_B2)
    ScanMotorDriver_Control                  0x08003461   Thumb Code    26  scanmotordriver.o(i.ScanMotorDriver_Control)
    ScanMotorDriver_GPIO_Init                0x08003481   Thumb Code   138  scanmotordriver.o(i.ScanMotorDriver_GPIO_Init)
    ScanMotorDriver_Goto_BasePosition        0x08003519   Thumb Code    36  scanmotordriver.o(i.ScanMotorDriver_Goto_BasePosition)
    ScanMotorDriver_Goto_CentrePosition      0x08003545   Thumb Code    20  scanmotordriver.o(i.ScanMotorDriver_Goto_CentrePosition)
    ScanMotorDriver_Goto_DetectionPosition   0x08003559   Thumb Code    20  scanmotordriver.o(i.ScanMotorDriver_Goto_DetectionPosition)
    ScanMotorDriver_Init                     0x0800356d   Thumb Code    12  scanmotordriver.o(i.ScanMotorDriver_Init)
    ScanMotorDriver_Move                     0x08003579   Thumb Code    66  scanmotordriver.o(i.ScanMotorDriver_Move)
    ScanMotorDriver_MoveOneStep              0x080035c1   Thumb Code   142  scanmotordriver.o(i.ScanMotorDriver_MoveOneStep)
    ScanMotorDriver_PositionSensor_Init      0x08003651   Thumb Code    96  scanmotordriver_positionsensor.o(i.ScanMotorDriver_PositionSensor_Init)
    ScanMotorDriver_PositionSensor_Int_Disable 0x080036b5   Thumb Code    32  scanmotordriver_positionsensor.o(i.ScanMotorDriver_PositionSensor_Int_Disable)
    ScanMotorDriver_PositionSensor_Int_Enable 0x080036d5   Thumb Code    32  scanmotordriver_positionsensor.o(i.ScanMotorDriver_PositionSensor_Int_Enable)
    ScanMotorDriver_SelfCheck_StepDrive      0x080036f5   Thumb Code    60  scanmotordriver.o(i.ScanMotorDriver_SelfCheck_StepDrive)
    SetBTABLE                                0x08003735   Thumb Code    12  usb_regs.o(i.SetBTABLE)
    SetDeviceAddress                         0x08003745   Thumb Code    64  usb_core.o(i.SetDeviceAddress)
    SetEPRxAddr                              0x0800378d   Thumb Code    26  usb_regs.o(i.SetEPRxAddr)
    SetEPRxCount                             0x080037b1   Thumb Code    68  usb_regs.o(i.SetEPRxCount)
    SetEPRxStatus                            0x080037fd   Thumb Code    54  usb_regs.o(i.SetEPRxStatus)
    SetEPRxValid                             0x08003839   Thumb Code    40  usb_regs.o(i.SetEPRxValid)
    SetEPTxAddr                              0x08003865   Thumb Code    24  usb_regs.o(i.SetEPTxAddr)
    SetEPTxCount                             0x08003885   Thumb Code    20  usb_regs.o(i.SetEPTxCount)
    SetEPTxStatus                            0x080038a1   Thumb Code    54  usb_regs.o(i.SetEPTxStatus)
    SetEPTxValid                             0x080038dd   Thumb Code    40  usb_regs.o(i.SetEPTxValid)
    SetEPType                                0x08003909   Thumb Code    24  usb_regs.o(i.SetEPType)
    Set_System                               0x080039f5   Thumb Code    70  hw_config.o(i.Set_System)
    Set_USBClock                             0x08003a45   Thumb Code    18  hw_config.o(i.Set_USBClock)
    Setup0_Process                           0x08003a59   Thumb Code   170  usb_core.o(i.Setup0_Process)
    SignalProcess_Collecting_Data            0x08003b11   Thumb Code    16  signalprocess_sample.o(i.SignalProcess_Collecting_Data)
    SignalSample_Moving_Average_Data         0x08003b21   Thumb Code    58  interface_testing.o(i.SignalSample_Moving_Average_Data)
    SignalSample_OutputSamples               0x08003b5b   Thumb Code     2  signalprocess_sample.o(i.SignalSample_OutputSamples)
    SignalSample_SampleStrip                 0x08003b5d   Thumb Code   156  signalprocess_sample.o(i.SignalSample_SampleStrip)
    SignalSample_Sample_AD84XX_Init          0x08003c09   Thumb Code   148  signalprocess_sample.o(i.SignalSample_Sample_AD84XX_Init)
    SignalSample_Sample_AD84XX_SendByte      0x08003ca5   Thumb Code    28  signalprocess_sample.o(i.SignalSample_Sample_AD84XX_SendByte)
    SignalSample_Sample_ADC_Init             0x08003cc5   Thumb Code   140  signalprocess_sample.o(i.SignalSample_Sample_ADC_Init)
    SignalSample_Sample_EnterCriticalArea    0x08003d59   Thumb Code    20  signalprocess_sample.o(i.SignalSample_Sample_EnterCriticalArea)
    SignalSample_Sample_ExitCriticalArea     0x08003d75   Thumb Code    10  signalprocess_sample.o(i.SignalSample_Sample_ExitCriticalArea)
    SignalSample_Sample_Init                 0x08003d7f   Thumb Code    28  signalprocess_sample.o(i.SignalSample_Sample_Init)
    SignalSample_Sample_LED_Init             0x08003d9d   Thumb Code    36  signalprocess_sample.o(i.SignalSample_Sample_LED_Init)
    SignalSample_Sample_Sampling             0x08003dc5   Thumb Code    88  signalprocess_sample.o(i.SignalSample_Sample_Sampling)
    SignalSample_Sample_SetResistor          0x08003e21   Thumb Code    14  signalprocess_sample.o(i.SignalSample_Sample_SetResistor)
    SignalSample_Sample_Set_LED              0x08003e35   Thumb Code    26  signalprocess_sample.o(i.SignalSample_Sample_Set_LED)
    SignalSample_Sample_Start                0x08003e55   Thumb Code    18  signalprocess_sample.o(i.SignalSample_Sample_Start)
    SignalSample_Sample_Stop                 0x08003e6d   Thumb Code    14  signalprocess_sample.o(i.SignalSample_Sample_Stop)
    SignalSample_Sample_Strip_Sensor_Init    0x08003e81   Thumb Code    42  signalprocess_sample.o(i.SignalSample_Sample_Strip_Sensor_Init)
    SignalSample_Sample_Timer_Disabled       0x08003eb1   Thumb Code    18  signalprocess_sample.o(i.SignalSample_Sample_Timer_Disabled)
    SignalSample_Sample_Timer_Init           0x08003ec9   Thumb Code    88  signalprocess_sample.o(i.SignalSample_Sample_Timer_Init)
    SignalSample_Sample_Timer_Int            0x08003f25   Thumb Code    16  signalprocess_sample.o(i.SignalSample_Sample_Timer_Int)
    SignalSample_SetResistor                 0x08003f39   Thumb Code    48  signalprocess_sample.o(i.SignalSample_SetResistor)
    Standard_ClearFeature                    0x08003f6d   Thumb Code   314  usb_core.o(i.Standard_ClearFeature)
    Standard_GetConfiguration                0x080040bd   Thumb Code    34  usb_core.o(i.Standard_GetConfiguration)
    Standard_GetDescriptorData               0x080040e9   Thumb Code    32  usb_core.o(i.Standard_GetDescriptorData)
    Standard_GetInterface                    0x0800410d   Thumb Code    34  usb_core.o(i.Standard_GetInterface)
    Standard_GetStatus                       0x08004139   Thumb Code   230  usb_core.o(i.Standard_GetStatus)
    Standard_SetConfiguration                0x08004231   Thumb Code    60  usb_core.o(i.Standard_SetConfiguration)
    Standard_SetDeviceFeature                0x08004279   Thumb Code    30  usb_core.o(i.Standard_SetDeviceFeature)
    Standard_SetEndPointFeature              0x080042a1   Thumb Code   172  usb_core.o(i.Standard_SetEndPointFeature)
    Standard_SetInterface                    0x0800435d   Thumb Code    96  usb_core.o(i.Standard_SetInterface)
    Status_Init                              0x080043c9   Thumb Code    76  main.o(i.Status_Init)
    Suspend                                  0x08004425   Thumb Code   224  usb_pwr.o(i.Suspend)
    SysTick_Handler                          0x08004515   Thumb Code   164  stm32f10x_it.o(i.SysTick_Handler)
    SysTick_Init                             0x080045d5   Thumb Code    84  main.o(i.SysTick_Init)
    SystemInit                               0x08004631   Thumb Code    78  system_stm32f10x.o(i.SystemInit)
    SystemManage_5V_Disabled                 0x08004691   Thumb Code    12  scanmotordriver.o(i.SystemManage_5V_Disabled)
    SystemManage_5V_Enabled                  0x080046a1   Thumb Code    12  scanmotordriver.o(i.SystemManage_5V_Enabled)
    SystemManage_CheckPowerOff               0x080046b1   Thumb Code    20  humaninput.o(i.SystemManage_CheckPowerOff)
    TIM2_IRQHandler                          0x080046cd   Thumb Code   162  usb_endp.o(i.TIM2_IRQHandler)
    TIM3_IRQHandler                          0x0800477d   Thumb Code    36  stm32f10x_it.o(i.TIM3_IRQHandler)
    TIM4_IRQHandler                          0x080047a9   Thumb Code     2  stm32f10x_it.o(i.TIM4_IRQHandler)
    TIM7_IRQHandler                          0x080047ab   Thumb Code     2  stm32f10x_it.o(i.TIM7_IRQHandler)
    TIM_ClearITPendingBit                    0x080047ad   Thumb Code     6  stm32f10x_tim.o(i.TIM_ClearITPendingBit)
    TIM_Cmd                                  0x080047b3   Thumb Code    24  stm32f10x_tim.o(i.TIM_Cmd)
    TIM_GetITStatus                          0x080047cb   Thumb Code    34  stm32f10x_tim.o(i.TIM_GetITStatus)
    TIM_ITConfig                             0x080047ed   Thumb Code    24  stm32f10x_tim.o(i.TIM_ITConfig)
    TIM_TimeBaseInit                         0x08004805   Thumb Code   122  stm32f10x_tim.o(i.TIM_TimeBaseInit)
    TimeOut_Reload                           0x080048a9   Thumb Code     8  usb_endp.o(i.TimeOut_Reload)
    TimingDelay_Decrement                    0x080048b1   Thumb Code    18  main.o(i.TimingDelay_Decrement)
    UI_Draw_Block                            0x080048c9   Thumb Code   100  interface_main.o(i.UI_Draw_Block)
    UI_Draw_Block_Insert_Cup                 0x08004931   Thumb Code    64  interface_insert_cup.o(i.UI_Draw_Block_Insert_Cup)
    UI_Draw_Block_Quick                      0x08004979   Thumb Code    86  interface_quick.o(i.UI_Draw_Block_Quick)
    UI_Draw_Block_Quick_Font                 0x080049d9   Thumb Code    64  interface_quick.o(i.UI_Draw_Block_Quick_Font)
    UI_Draw_Block_Record                     0x08004a21   Thumb Code    80  interface_record.o(i.UI_Draw_Block_Record)
    UI_Draw_Block_Setting                    0x08004a75   Thumb Code    80  interface_setting.o(i.UI_Draw_Block_Setting)
    UI_Draw_Block_Standard                   0x08004ac9   Thumb Code    64  interface_standard.o(i.UI_Draw_Block_Standard)
    UI_Draw_Block_font                       0x08004b11   Thumb Code   228  interface_main.o(i.UI_Draw_Block_font)
    UI_Draw_Status_Bar                       0x08004c01   Thumb Code    58  interface_main.o(i.UI_Draw_Status_Bar)
    UI_Draw_Window                           0x08004c51   Thumb Code    30  interface_main.o(i.UI_Draw_Window)
    UI_Draw_Window_Insert_Cup                0x08004c75   Thumb Code    30  interface_insert_cup.o(i.UI_Draw_Window_Insert_Cup)
    UI_Draw_Window_Quick                     0x08004c99   Thumb Code    30  interface_quick.o(i.UI_Draw_Window_Quick)
    UI_Draw_Window_Quick_font                0x08004cbd   Thumb Code    30  interface_quick.o(i.UI_Draw_Window_Quick_font)
    UI_Draw_Window_Record                    0x08004ce1   Thumb Code    36  interface_record.o(i.UI_Draw_Window_Record)
    UI_Draw_Window_Result                    0x08004d0d   Thumb Code    30  interface_result.o(i.UI_Draw_Window_Result)
    UI_Draw_Window_Result_2                  0x08004d31   Thumb Code    30  interface_result_2.o(i.UI_Draw_Window_Result_2)
    UI_Draw_Window_Setting                   0x08004d55   Thumb Code    36  interface_setting.o(i.UI_Draw_Window_Setting)
    UI_Draw_Window_Standard                  0x08004d81   Thumb Code    66  interface_standard.o(i.UI_Draw_Window_Standard)
    UI_Draw_Window_Start                     0x08004dcd   Thumb Code    74  interface_start.o(i.UI_Draw_Window_Start)
    UI_Draw_Window_Testing                   0x08004e21   Thumb Code    30  interface_testing.o(i.UI_Draw_Window_Testing)
    UI_Draw_Window_font                      0x08004e45   Thumb Code    36  interface_main.o(i.UI_Draw_Window_font)
    UI_Draw_block_Result                     0x08004e71   Thumb Code    86  interface_result.o(i.UI_Draw_block_Result)
    UI_Draw_block_Result_2                   0x08004ed1   Thumb Code    86  interface_result_2.o(i.UI_Draw_block_Result_2)
    UI_Draw_block_Start                      0x08004f31   Thumb Code    64  interface_start.o(i.UI_Draw_block_Start)
    UI_Draw_block_Testing                    0x08004f79   Thumb Code    64  interface_testing.o(i.UI_Draw_block_Testing)
    USART1_IRQHandler                        0x08004fc1   Thumb Code    66  qrcode.o(i.USART1_IRQHandler)
    USART2_IRQHandler                        0x08005019   Thumb Code   186  hostcomm.o(i.USART2_IRQHandler)
    USART_ClearFlag                          0x080050f5   Thumb Code    18  stm32f10x_usart.o(i.USART_ClearFlag)
    USART_ClearITPendingBit                  0x08005107   Thumb Code    30  stm32f10x_usart.o(i.USART_ClearITPendingBit)
    USART_Cmd                                0x08005125   Thumb Code    24  stm32f10x_usart.o(i.USART_Cmd)
    USART_GetITStatus                        0x0800513d   Thumb Code    84  stm32f10x_usart.o(i.USART_GetITStatus)
    USART_ITConfig                           0x08005191   Thumb Code    74  stm32f10x_usart.o(i.USART_ITConfig)
    USART_Init                               0x080051dd   Thumb Code   210  stm32f10x_usart.o(i.USART_Init)
    USART_ReceiveData                        0x080052b5   Thumb Code    10  stm32f10x_usart.o(i.USART_ReceiveData)
    USBWakeUp_IRQHandler                     0x080052bf   Thumb Code    12  usb_it.o(i.USBWakeUp_IRQHandler)
    USB_BasicInit                            0x080052cd   Thumb Code   146  usb.o(i.USB_BasicInit)
    USB_Cable_Config                         0x08005365   Thumb Code    30  hw_config.o(i.USB_Cable_Config)
    USB_Config                               0x08005389   Thumb Code    20  hw_config.o(i.USB_Config)
    USB_Init                                 0x0800539d   Thumb Code    36  usb_init.o(i.USB_Init)
    USB_Interrupts_Config                    0x080053d9   Thumb Code    34  hw_config.o(i.USB_Interrupts_Config)
    USB_Istr                                 0x080053fd   Thumb Code   414  usb_istr.o(i.USB_Istr)
    USB_LP_CAN1_RX0_IRQHandler               0x080055bd   Thumb Code     8  usb_it.o(i.USB_LP_CAN1_RX0_IRQHandler)
    USB_SIL_Init                             0x080055c5   Thumb Code    28  usb_sil.o(i.USB_SIL_Init)
    USB_SIL_Read                             0x080055e9   Thumb Code    46  usb_sil.o(i.USB_SIL_Read)
    USB_VirtualCOM_Init                      0x08005619   Thumb Code    18  usb.o(i.USB_VirtualCOM_Init)
    UsageFault_Handler                       0x08005631   Thumb Code     4  stm32f10x_it.o(i.UsageFault_Handler)
    UserToPMABufferCopy                      0x08005635   Thumb Code    52  usb_mem.o(i.UserToPMABufferCopy)
    Virtual_Com_Port_Data_Setup              0x0800566d   Thumb Code    82  usb_prop.o(i.Virtual_Com_Port_Data_Setup)
    Virtual_Com_Port_GetConfigDescriptor     0x080056d1   Thumb Code    14  usb_prop.o(i.Virtual_Com_Port_GetConfigDescriptor)
    Virtual_Com_Port_GetDeviceDescriptor     0x080056e5   Thumb Code    14  usb_prop.o(i.Virtual_Com_Port_GetDeviceDescriptor)
    Virtual_Com_Port_GetLineCoding           0x080056f9   Thumb Code    20  usb_prop.o(i.Virtual_Com_Port_GetLineCoding)
    Virtual_Com_Port_GetStringDescriptor     0x08005715   Thumb Code    32  usb_prop.o(i.Virtual_Com_Port_GetStringDescriptor)
    Virtual_Com_Port_Get_Interface_Setting   0x0800573d   Thumb Code    22  usb_prop.o(i.Virtual_Com_Port_Get_Interface_Setting)
    Virtual_Com_Port_NoData_Setup            0x08005755   Thumb Code    36  usb_prop.o(i.Virtual_Com_Port_NoData_Setup)
    Virtual_Com_Port_Reset                   0x0800577d   Thumb Code   216  usb_prop.o(i.Virtual_Com_Port_Reset)
    Virtual_Com_Port_SetConfiguration        0x08005865   Thumb Code    14  usb_prop.o(i.Virtual_Com_Port_SetConfiguration)
    Virtual_Com_Port_SetDeviceAddress        0x0800587d   Thumb Code     8  usb_prop.o(i.Virtual_Com_Port_SetDeviceAddress)
    Virtual_Com_Port_SetLineCoding           0x08005889   Thumb Code    20  usb_prop.o(i.Virtual_Com_Port_SetLineCoding)
    Virtual_Com_Port_Status_In               0x080058a5   Thumb Code    16  usb_prop.o(i.Virtual_Com_Port_Status_In)
    Virtual_Com_Port_Status_Out              0x080058b9   Thumb Code     2  usb_prop.o(i.Virtual_Com_Port_Status_Out)
    Virtual_Com_Port_init                    0x080058bd   Thumb Code    30  usb_prop.o(i.Virtual_Com_Port_init)
    __0sprintf$8                             0x080058f9   Thumb Code    34  printf8.o(i.__0sprintf$8)
    __1sprintf$8                             0x080058f9   Thumb Code     0  printf8.o(i.__0sprintf$8)
    __2sprintf                               0x080058f9   Thumb Code     0  printf8.o(i.__0sprintf$8)
    __scatterload_copy                       0x08005921   Thumb Code    14  handlers.o(i.__scatterload_copy)
    __scatterload_null                       0x0800592f   Thumb Code     2  handlers.o(i.__scatterload_null)
    __scatterload_zeroinit                   0x08005931   Thumb Code    14  handlers.o(i.__scatterload_zeroinit)
    main                                     0x08005dc1   Thumb Code    64  main.o(i.main)
    asc2_1608                                0x08005e04   Data        1520  displaydriver_fontlib.o(.constdata)
    sysHzzk                                  0x080063f4   Data         102  displaydriver_fontlib.o(.constdata)
    asc16                                    0x0800645a   Data        1520  displaydriver_fontlib.o(.constdata)
    hz16                                     0x08006a4a   Data       12172  displaydriver_fontlib.o(.constdata)
    gImage_PIC_Standard                      0x080099d8   Data        4050  interface_main.o(.constdata)
    gImage_PIC_Quick                         0x0800a9aa   Data        4050  interface_main.o(.constdata)
    gImage_PIC_Record                        0x0800b97c   Data        4050  interface_main.o(.constdata)
    gImage_PIC_Setting                       0x0800c94e   Data        4050  interface_main.o(.constdata)
    gImage_PIC_System_Time                   0x0800d920   Data        4050  interface_main.o(.constdata)
    gImage_PIC_About_Machine                 0x0800e8f2   Data        4050  interface_main.o(.constdata)
    gImage_Right_arrow                       0x0800f8c4   Data        1050  interface_main.o(.constdata)
    gImage_Left_arrow                        0x0800fcde   Data        1050  interface_main.o(.constdata)
    gImage_Power_on                          0x080100f8   Data       40960  interface_main.o(.constdata)
    crcTable                                 0x0801a12c   Data          32  common.o(.constdata)
    Virtual_Com_Port_DeviceDescriptor        0x0801a14c   Data          18  usb_desc.o(.constdata)
    Virtual_Com_Port_ConfigDescriptor        0x0801a15e   Data          67  usb_desc.o(.constdata)
    Virtual_Com_Port_StringLangID            0x0801a1a1   Data           4  usb_desc.o(.constdata)
    Virtual_Com_Port_StringVendor            0x0801a1a5   Data          24  usb_desc.o(.constdata)
    Virtual_Com_Port_StringProduct           0x0801a1bd   Data          38  usb_desc.o(.constdata)
    Region$$Table$$Base                      0x0801a34c   Number         0  anon$$obj.o(Region$$Table)
    Region$$Table$$Limit                     0x0801a36c   Number         0  anon$$obj.o(Region$$Table)
    Power_Open                               0x20000018   Data           1  main.o(.data)
    Display_Time                             0x20000019   Data           1  main.o(.data)
    Count_Down                               0x20000020   Data           2  stm32f10x_it.o(.data)
    Exti_lock                                0x20000022   Data           1  stm32f10x_it.o(.data)
    hours                                    0x20000024   Data           2  stm32f10x_it.o(.data)
    minutes                                  0x20000026   Data           2  stm32f10x_it.o(.data)
    seconds                                  0x20000028   Data           2  stm32f10x_it.o(.data)
    se_count                                 0x2000002a   Data           2  stm32f10x_it.o(.data)
    keyupCnt                                 0x2000002c   Data           2  stm32f10x_it.o(.data)
    key_holdon_ms                            0x2000002e   Data           2  stm32f10x_it.o(.data)
    key_fall_flag                            0x20000030   Data           1  stm32f10x_it.o(.data)
    short_key_flag                           0x20000031   Data           1  stm32f10x_it.o(.data)
    doubleClick                              0x20000032   Data           1  stm32f10x_it.o(.data)
    keyUpFlag                                0x20000033   Data           1  stm32f10x_it.o(.data)
    long_key_flag                            0x20000034   Data           1  stm32f10x_it.o(.data)
    time_ms                                  0x20000036   Data           2  stm32f10x_it.o(.data)
    Step_count                               0x20000038   Data           4  rotationmotor.o(.data)
    Num_Down                                 0x2000003c   Data           1  rotationmotor.o(.data)
    Step1                                    0x2000003e   Data          16  rotationmotor.o(.data)
    Step2                                    0x2000004e   Data          16  rotationmotor.o(.data)
    key_open                                 0x2000005e   Data           1  humaninput.o(.data)
    key_state                                0x2000005f   Data           1  humaninput.o(.data)
    Key_control                              0x20000060   Data           1  humaninput.o(.data)
    Interface_Key                            0x20000061   Data           1  humaninput.o(.data)
    key_state_confirm                        0x20000062   Data           1  humaninput.o(.data)
    UI_state                                 0x20000064   Data           1  interface_main.o(.data)
    UI_WindowBlocks                          0x20000066   Data           2  interface_main.o(.data)
    block_standard                           0x20000068   Data          60  interface_main.o(.data)
    block_quick                              0x200000a4   Data          60  interface_main.o(.data)
    block_record                             0x200000e0   Data          60  interface_main.o(.data)
    block_settings                           0x2000011c   Data          60  interface_main.o(.data)
    block_font                               0x20000158   Data          80  interface_main.o(.data)
    UI_WindowBlocksAttrArray_Main            0x200001a8   Data          16  interface_main.o(.data)
    UI_WindowBlocksAttrArray_Main_font       0x200001b8   Data           4  interface_main.o(.data)
    UI_WindowBlocks_Standard                 0x200001bc   Data           2  interface_standard.o(.data)
    QR_Code                                  0x200001be   Data           1  interface_standard.o(.data)
    block_Standard_Back                      0x200001c0   Data          32  interface_standard.o(.data)
    block_Standard_Number                    0x200001e0   Data          32  interface_standard.o(.data)
    block_Standard_Name                      0x20000200   Data          32  interface_standard.o(.data)
    block_Standard_1                         0x20000220   Data          32  interface_standard.o(.data)
    block_Standard_2                         0x20000240   Data          32  interface_standard.o(.data)
    block_Standard_3                         0x20000260   Data          32  interface_standard.o(.data)
    block_Standard_4                         0x20000280   Data          32  interface_standard.o(.data)
    block_Standard_5                         0x200002a0   Data          32  interface_standard.o(.data)
    block_Standard_6                         0x200002c0   Data          32  interface_standard.o(.data)
    block_Standard_7                         0x200002e0   Data          32  interface_standard.o(.data)
    block_Standard_8                         0x20000300   Data          32  interface_standard.o(.data)
    block_Standard_9                         0x20000320   Data          32  interface_standard.o(.data)
    block_Standard_10                        0x20000340   Data          32  interface_standard.o(.data)
    block_Standard_Confirm                   0x20000360   Data          32  interface_standard.o(.data)
    UI_WindowBlocksAttrArray_Standard        0x20000380   Data         560  interface_standard.o(.data)
    UI_WindowBlocks_Quick                    0x200005b0   Data           2  interface_quick.o(.data)
    UI_WindowBlocks_Quick_font               0x200005b2   Data           2  interface_quick.o(.data)
    Cup_Exist                                0x200005b4   Data           1  interface_quick.o(.data)
    block_Quick_1                            0x200005b8   Data          48  interface_quick.o(.data)
    block_Quick_2                            0x200005e8   Data          48  interface_quick.o(.data)
    block_Quick_3                            0x20000618   Data          48  interface_quick.o(.data)
    block_Quick_4                            0x20000648   Data          48  interface_quick.o(.data)
    block_Quick_5                            0x20000678   Data          48  interface_quick.o(.data)
    block_Quick_6                            0x200006a8   Data          48  interface_quick.o(.data)
    block_Quick_7                            0x200006d8   Data          48  interface_quick.o(.data)
    UI_WindowBlocksAttrArray_Quick           0x20000708   Data          16  interface_quick.o(.data)
    UI_WindowBlocksAttrArray_Quick_font      0x20000718   Data          12  interface_quick.o(.data)
    UI_WindowBlocks_Record                   0x20000724   Data           2  interface_record.o(.data)
    block_Record_1                           0x20000728   Data          44  interface_record.o(.data)
    block_Record_2                           0x20000754   Data          44  interface_record.o(.data)
    block_Record_3                           0x20000780   Data          44  interface_record.o(.data)
    block_Record_4                           0x200007ac   Data          44  interface_record.o(.data)
    block_Record_5                           0x200007d8   Data          44  interface_record.o(.data)
    block_Record_6                           0x20000804   Data          44  interface_record.o(.data)
    block_Record_7                           0x20000830   Data          44  interface_record.o(.data)
    block_Record_8                           0x2000085c   Data          44  interface_record.o(.data)
    UI_WindowBlocksAttrArray_Record          0x20000888   Data          32  interface_record.o(.data)
    UI_WindowBlocks_Setting                  0x200008a8   Data           2  interface_setting.o(.data)
    block_Setting_1                          0x200008ac   Data          48  interface_setting.o(.data)
    block_Setting_2                          0x200008dc   Data          48  interface_setting.o(.data)
    block_Setting_3                          0x2000090c   Data          48  interface_setting.o(.data)
    UI_WindowBlocksAttrArray_Setting         0x2000093c   Data          12  interface_setting.o(.data)
    Char_Count                               0x20000948   Data           2  interface_result.o(.data)
    Page_Flag                                0x2000094a   Data           1  interface_result.o(.data)
    UI_WindowBlocks_Result                   0x2000094c   Data           2  interface_result.o(.data)
    block_Result_Back                        0x20000950   Data          48  interface_result.o(.data)
    block_Result_Item                        0x20000980   Data          48  interface_result.o(.data)
    block_Result_AMP                         0x200009b0   Data          48  interface_result.o(.data)
    block_Result_COC                         0x200009e0   Data          48  interface_result.o(.data)
    block_Result_THC                         0x20000a10   Data          48  interface_result.o(.data)
    block_Result_MET                         0x20000a40   Data          48  interface_result.o(.data)
    block_Result_OPI                         0x20000a70   Data          48  interface_result.o(.data)
    block_Result_Right_arrow                 0x20000aa0   Data          48  interface_result.o(.data)
    UI_WindowBlocksAttrArray_Result          0x20000ad0   Data          32  interface_result.o(.data)
    UI_WindowBlocks_Start                    0x20000af0   Data           2  interface_start.o(.data)
    Cup_Count                                0x20000af2   Data           1  interface_start.o(.data)
    block_Start_Back                         0x20000af4   Data          32  interface_start.o(.data)
    block_Start_Name                         0x20000b14   Data          32  interface_start.o(.data)
    block_Start_Number                       0x20000b34   Data          32  interface_start.o(.data)
    block_Start_1                            0x20000b54   Data          32  interface_start.o(.data)
    block_Start_2                            0x20000b74   Data          32  interface_start.o(.data)
    block_Start_3                            0x20000b94   Data          32  interface_start.o(.data)
    block_Start_4                            0x20000bb4   Data          32  interface_start.o(.data)
    block_Start_5                            0x20000bd4   Data          32  interface_start.o(.data)
    block_Start_6                            0x20000bf4   Data          32  interface_start.o(.data)
    block_Start_7                            0x20000c14   Data          32  interface_start.o(.data)
    block_Start_8                            0x20000c34   Data          32  interface_start.o(.data)
    block_Start_9                            0x20000c54   Data          32  interface_start.o(.data)
    block_Start_10                           0x20000c74   Data          32  interface_start.o(.data)
    UI_WindowBlocksAttrArray_Start           0x20000c94   Data         520  interface_start.o(.data)
    UI_WindowBlocks_Testing                  0x20000e9c   Data           2  interface_testing.o(.data)
    block_Testing_1                          0x20000ea0   Data          32  interface_testing.o(.data)
    block_Testing_2                          0x20000ec0   Data          32  interface_testing.o(.data)
    UI_WindowBlocksAttrArray_Testing         0x20000ee0   Data           8  interface_testing.o(.data)
    Check_Count                              0x20000ee8   Data           1  scanmotordriver.o(.data)
    CCR2_Val                                 0x20000eec   Data           4  scanmotordriver.o(.data)
    ScanMotorDriver_InBasePosition           0x20000ef0   Data           1  scanmotordriver.o(.data)
    QRCode_count                             0x20000ef2   Data           2  qrcode.o(.data)
    QRCode_existed                           0x20000ef4   Data           1  qrcode.o(.data)
    QRCode_received                          0x20000ef5   Data           1  qrcode.o(.data)
    SystemManage_SetTime                     0x20000ef6   Data           8  systemmanage_rtc.o(.data)
    SystemManage_CurrentTime                 0x20000efe   Data           8  systemmanage_rtc.o(.data)
    SignalSample_moveThenSample              0x20000f06   Data           1  signalprocess_sample.o(.data)
    SignalSample_endDetection                0x20000f07   Data           1  signalprocess_sample.o(.data)
    SignalSample_count                       0x20000f08   Data           2  signalprocess_sample.o(.data)
    SignalSample_ProcessCount                0x20000f0a   Data           2  signalprocess_sample.o(.data)
    SignalSample_startSampling               0x20000f0c   Data           1  signalprocess_sample.o(.data)
    SignalSample_resistorValue               0x20000f0d   Data           1  signalprocess_sample.o(.data)
    SignalSample_resistorValueStored         0x20000f0e   Data           1  signalprocess_sample.o(.data)
    SignalProcess_output                     0x20000f0f   Data           1  signalprocess_sample.o(.data)
    UI_WindowBlocks_Result_2                 0x20000f10   Data           2  interface_result_2.o(.data)
    block_Result_WCG                         0x20000f14   Data          48  interface_result_2.o(.data)
    block_Result_EDG                         0x20000f44   Data          48  interface_result_2.o(.data)
    block_Result_UZI                         0x20000f74   Data          48  interface_result_2.o(.data)
    block_Result_XZG                         0x20000fa4   Data          48  interface_result_2.o(.data)
    block_Result_PCY                         0x20000fd4   Data          48  interface_result_2.o(.data)
    block_Result_Arrow                       0x20001004   Data          48  interface_result_2.o(.data)
    block_Result_Left_arrow                  0x20001034   Data          48  interface_result_2.o(.data)
    UI_WindowBlocksAttrArray_Result_2        0x20001064   Data          20  interface_result_2.o(.data)
    UI_WindowBlocks_Insert_Cup               0x20001078   Data           2  interface_insert_cup.o(.data)
    block_Insert_Cup_Back                    0x2000107c   Data          32  interface_insert_cup.o(.data)
    block_Insert_Cup_Notice                  0x2000109c   Data          32  interface_insert_cup.o(.data)
    block_Insert_Cup_Please                  0x200010bc   Data          32  interface_insert_cup.o(.data)
    block_Insert_Cup_Cup                     0x200010dc   Data          32  interface_insert_cup.o(.data)
    UI_WindowBlocksAttrArray_Insert_Cup      0x200010fc   Data          16  interface_insert_cup.o(.data)
    Comm_RequestTX                           0x2000110c   Data           1  comm_fifo.o(.data)
    HSEStartUpStatus                         0x20001110   Data           1  hw_config.o(.data)
    EXTI_InitStructure                       0x20001114   Data           8  hw_config.o(.data)
    Virtual_Com_Port_StringSerial            0x2000111c   Data          38  usb_desc.o(.data)
    Framelen                                 0x2000114c   Data           2  usb_endp.o(.data)
    FramelenTx                               0x2000114e   Data           2  usb_endp.o(.data)
    bIntPackSOF                              0x20001154   Data           1  usb_istr.o(.data)
    esof_counter                             0x20001158   Data           4  usb_istr.o(.data)
    wCNTR                                    0x2000115c   Data           4  usb_istr.o(.data)
    pEpInt_IN                                0x20001160   Data          28  usb_istr.o(.data)
    pEpInt_OUT                               0x2000117c   Data          28  usb_istr.o(.data)
    wIstr                                    0x20001198   Data           2  usb_istr.o(.data)
    Request                                  0x2000119c   Data           1  usb_prop.o(.data)
    linecoding                               0x200011a0   Data           8  usb_prop.o(.data)
    Device_Table                             0x200011a8   Data           2  usb_prop.o(.data)
    Device_Property                          0x200011ac   Data          48  usb_prop.o(.data)
    User_Standard_Requests                   0x200011dc   Data          36  usb_prop.o(.data)
    Device_Descriptor                        0x20001200   Data           8  usb_prop.o(.data)
    Config_Descriptor                        0x20001208   Data           8  usb_prop.o(.data)
    String_Descriptor                        0x20001210   Data          32  usb_prop.o(.data)
    bDeviceState                             0x20001230   Data           4  usb_pwr.o(.data)
    fSuspendEnabled                          0x20001234   Data           1  usb_pwr.o(.data)
    remotewakeupon                           0x20001238   Data           4  usb_pwr.o(.data)
    ResumeS                                  0x2000123c   Data           2  usb_pwr.o(.data)
    HostComm_RecBufAvailable                 0x20001240   Data           1  hostcomm.o(.data)
    contReceive                              0x20001241   Data           1  hostcomm.o(.data)
    recCount                                 0x20001242   Data           2  hostcomm.o(.data)
    respLength                               0x20001244   Data           2  hostcomm.o(.data)
    keyMatched                               0x20001246   Data           1  hostcomm.o(.data)
    HostComm_RecBufSize                      0x20001248   Data           2  hostcomm.o(.data)
    cmdLength                                0x2000124a   Data           2  hostcomm.o(.data)
    cmdType                                  0x2000124c   Data           1  hostcomm.o(.data)
    cmdCode                                  0x2000124d   Data           1  hostcomm.o(.data)
    binFileAttr_Input                        0x20001250   Data           8  hostcomm.o(.data)
    Data_Mul_MaxPacketSize                   0x20001258   Data           1  usb_core.o(.data)
    StatusInfo                               0x2000125a   Data           2  usb_core.o(.data)
    EPindex                                  0x2000125c   Data           1  usb_init.o(.data)
    pInformation                             0x20001260   Data           4  usb_init.o(.data)
    pProperty                                0x20001264   Data           4  usb_init.o(.data)
    SaveState                                0x20001268   Data           2  usb_init.o(.data)
    wInterrupt_Mask                          0x2000126a   Data           2  usb_init.o(.data)
    pUser_Standard_Requests                  0x2000126c   Data           4  usb_init.o(.data)
    SaveRState                               0x20001270   Data           2  usb_int.o(.data)
    SaveTState                               0x20001272   Data           2  usb_int.o(.data)
    QRCode_Buffer                            0x20001274   Data         400  qrcode.o(.bss)
    SignalProcess_sampleBuffer               0x20001404   Data          20  signalprocess_sample.o(.bss)
    SignalProcess_sampleBuffer_BK            0x20001418   Data          20  signalprocess_sample.o(.bss)
    SignalProcess_outputBuffer               0x2000142c   Data          10  signalprocess_sample.o(.bss)
    RxDataFIFO                               0x20001436   Data        6005  comm_fifo.o(.bss)
    TxData                                   0x20002bac   Data        2002  comm_fifo.o(.bss)
    data                                     0x2000337e   Data        1024  usb_endp.o(.bss)
    Txdata                                   0x2000377e   Data        1024  usb_endp.o(.bss)
    EP                                       0x20003b80   Data          32  usb_pwr.o(.bss)
    recBuffer                                0x20003ba0   Data        3072  hostcomm.o(.bss)
    cmdBuffer                                0x200047a0   Data        2148  hostcomm.o(.bss)
    respBuffer                               0x20005004   Data         100  hostcomm.o(.bss)
    Device_Info                              0x20005068   Data          28  usb_init.o(.bss)
    __initial_sp                             0x20006088   Data           0  startup_stm32f10x_hd.o(STACK)



==============================================================================

Memory Map of the image

  Image Entry point : 0x08000131

  Load Region LR_IROM1 (Base: 0x08000000, Size: 0x0001b5dc, Max: 0x00080000, ABSOLUTE, COMPRESSED[0x0001a8fc])

    Execution Region ER_IROM1 (Base: 0x08000000, Size: 0x0001a36c, Max: 0x00080000, ABSOLUTE)

    Base Addr    Size         Type   Attr      Idx    E Section Name        Object

    0x08000000   0x00000130   Data   RO           19    RESET               startup_stm32f10x_hd.o
    0x08000130   0x00000000   Code   RO         5936  * .ARM.Collect$$$$00000000  mc_w.l(entry.o)
    0x08000130   0x00000004   Code   RO         6226    .ARM.Collect$$$$00000001  mc_w.l(entry2.o)
    0x08000134   0x00000004   Code   RO         6229    .ARM.Collect$$$$00000004  mc_w.l(entry5.o)
    0x08000138   0x00000000   Code   RO         6231    .ARM.Collect$$$$00000008  mc_w.l(entry7b.o)
    0x08000138   0x00000008   Code   RO         6232    .ARM.Collect$$$$00000009  mc_w.l(entry8.o)
    0x08000140   0x00000004   Code   RO         6227    .ARM.Collect$$$$00002712  mc_w.l(entry2.o)
    0x08000144   0x00000024   Code   RO           20    .text               startup_stm32f10x_hd.o
    0x08000168   0x00000024   Code   RO         5939    .text               mc_w.l(memcpya.o)
    0x0800018c   0x00000026   Code   RO         5941    .text               mc_w.l(memseta.o)
    0x080001b2   0x00000062   Code   RO         6238    .text               mc_w.l(uldiv.o)
    0x08000214   0x0000001e   Code   RO         6240    .text               mc_w.l(llshl.o)
    0x08000232   0x00000020   Code   RO         6242    .text               mc_w.l(llushr.o)
    0x08000252   0x00000002   PAD
    0x08000254   0x00000024   Code   RO         6253    .text               mc_w.l(init.o)
    0x08000278   0x0000005c   Code   RO         6265    .text               mc_w.l(__dczerorl2.o)
    0x080002d4   0x00000016   Code   RO          202    i.ADC_Cmd           stm32f10x_adc.o
    0x080002ea   0x00000014   Code   RO          210    i.ADC_GetCalibrationStatus  stm32f10x_adc.o
    0x080002fe   0x00000008   Code   RO          211    i.ADC_GetConversionValue  stm32f10x_adc.o
    0x08000306   0x00000012   Code   RO          213    i.ADC_GetFlagStatus  stm32f10x_adc.o
    0x08000318   0x00000014   Code   RO          216    i.ADC_GetResetCalibrationStatus  stm32f10x_adc.o
    0x0800032c   0x00000050   Code   RO          220    i.ADC_Init          stm32f10x_adc.o
    0x0800037c   0x000000b8   Code   RO          224    i.ADC_RegularChannelConfig  stm32f10x_adc.o
    0x08000434   0x0000000a   Code   RO          225    i.ADC_ResetCalibration  stm32f10x_adc.o
    0x0800043e   0x00000016   Code   RO          227    i.ADC_SoftwareStartConvCmd  stm32f10x_adc.o
    0x08000454   0x0000000a   Code   RO          229    i.ADC_StartCalibration  stm32f10x_adc.o
    0x0800045e   0x00000002   PAD
    0x08000460   0x00000084   Code   RO         3942    i.Acquisition_Signal  interface_testing.o
    0x080004e4   0x00000154   Code   RO         3643    i.Battery_Empty_ICO  interface_main.o
    0x08000638   0x0000005a   Code   RO         3397    i.BlockWrite        displaydriver.o
    0x08000692   0x00000032   Code   RO         3398    i.BlockWrite_Test   displaydriver.o
    0x080006c4   0x00000004   Code   RO         3192    i.BusFault_Handler  stm32f10x_it.o
    0x080006c8   0x0000000c   Code   RO         5552    i.ByteSwap          usb_regs.o
    0x080006d4   0x00000260   Code   RO         5505    i.CTR_LP            usb_int.o
    0x08000934   0x00000020   Code   RO         4173    i.Calc4BitsCRC      common.o
    0x08000954   0x0000002c   Code   RO         5553    i.ClearDTOG_RX      usb_regs.o
    0x08000980   0x0000002c   Code   RO         5554    i.ClearDTOG_TX      usb_regs.o
    0x080009ac   0x00000020   Code   RO         5559    i.Clear_Status_Out  usb_regs.o
    0x080009cc   0x00000044   Code   RO         4641    i.Comm_FIFO_Init    comm_fifo.o
    0x08000a10   0x0000005e   Code   RO         4643    i.Comm_FIFO_RxDataPut  comm_fifo.o
    0x08000a6e   0x00000034   Code   RO         4174    i.Common_CalculateCRC  common.o
    0x08000aa2   0x0000006e   Code   RO         4175    i.Common_EXTI_Init  common.o
    0x08000b10   0x000000c0   Code   RO         5335    i.DataStageIn       usb_core.o
    0x08000bd0   0x000000bc   Code   RO         5336    i.DataStageOut      usb_core.o
    0x08000c8c   0x0000028c   Code   RO         5337    i.Data_Setup0       usb_core.o
    0x08000f18   0x00000002   Code   RO         3193    i.DebugMon_Handler  stm32f10x_it.o
    0x08000f1a   0x00000016   Code   RO         3399    i.Delay             displaydriver.o
    0x08000f30   0x0000000a   Code   RO         3998    i.Delay_SW          scanmotordriver.o
    0x08000f3a   0x00000002   PAD
    0x08000f3c   0x00000014   Code   RO         3130    i.Delay_ms          main.o
    0x08000f50   0x00000016   Code   RO         3194    i.Delay_ms_SW       stm32f10x_it.o
    0x08000f66   0x00000014   Code   RO         3341    i.Delay_us          rotationmotor.o
    0x08000f7a   0x00000014   Code   RO         4297    i.Delay_us_SW       systemmanage_rtc.o
    0x08000f8e   0x000000ae   Code   RO         3535    i.DisplayDriver_DrawLine  font.o
    0x0800103c   0x0000005c   Code   RO         3400    i.DisplayDriver_DrawPic  displaydriver.o
    0x08001098   0x000001cc   Code   RO         3401    i.DisplayDriver_Init  displaydriver.o
    0x08001264   0x00000148   Code   RO         3536    i.DisplayDriver_Text16  font.o
    0x080013ac   0x0000018c   Code   RO         3537    i.DisplayDriver_Text16_B  font.o
    0x08001538   0x00000002   Code   RO         4811    i.EP1_IN_Callback   usb_endp.o
    0x0800153a   0x00000002   PAD
    0x0800153c   0x00000040   Code   RO         4812    i.EP3_OUT_Callback  usb_endp.o
    0x0800157c   0x00000002   Code   RO         3195    i.EXTI0_IRQHandler  stm32f10x_it.o
    0x0800157e   0x00000002   Code   RO         3196    i.EXTI15_10_IRQHandler  stm32f10x_it.o
    0x08001580   0x00000018   Code   RO         3197    i.EXTI1_IRQHandler  stm32f10x_it.o
    0x08001598   0x0000000e   Code   RO         3198    i.EXTI2_IRQHandler  stm32f10x_it.o
    0x080015a6   0x00000002   Code   RO         3199    i.EXTI3_IRQHandler  stm32f10x_it.o
    0x080015a8   0x00000030   Code   RO         3200    i.EXTI4_IRQHandler  stm32f10x_it.o
    0x080015d8   0x00000068   Code   RO         3201    i.EXTI9_5_IRQHandler  stm32f10x_it.o
    0x08001640   0x000000ae   Code   RO         3574    i.EXTIX_Init        humaninput.o
    0x080016ee   0x00000002   PAD
    0x080016f0   0x0000000c   Code   RO          961    i.EXTI_ClearITPendingBit  stm32f10x_exti.o
    0x080016fc   0x00000028   Code   RO          965    i.EXTI_GetITStatus  stm32f10x_exti.o
    0x08001724   0x00000094   Code   RO          966    i.EXTI_Init         stm32f10x_exti.o
    0x080017b8   0x00000028   Code   RO         3575    i.EXTI_Key_Confirm_Disable  humaninput.o
    0x080017e0   0x00000044   Code   RO         3576    i.EXTI_Key_Confirm_Enable  humaninput.o
    0x08001824   0x00000034   Code   RO         1199    i.FSMC_NORSRAMCmd   stm32f10x_fsmc.o
    0x08001858   0x000000e0   Code   RO         1201    i.FSMC_NORSRAMInit  stm32f10x_fsmc.o
    0x08001938   0x00000040   Code   RO         1311    i.GPIO_EXTILineConfig  stm32f10x_gpio.o
    0x08001978   0x00000112   Code   RO         1314    i.GPIO_Init         stm32f10x_gpio.o
    0x08001a8a   0x00000002   PAD
    0x08001a8c   0x00000090   Code   RO         1316    i.GPIO_PinRemapConfig  stm32f10x_gpio.o
    0x08001b1c   0x00000012   Code   RO         1318    i.GPIO_ReadInputDataBit  stm32f10x_gpio.o
    0x08001b2e   0x00000004   Code   RO         1321    i.GPIO_ResetBits    stm32f10x_gpio.o
    0x08001b32   0x00000004   Code   RO         1322    i.GPIO_SetBits      stm32f10x_gpio.o
    0x08001b36   0x0000000a   Code   RO         1325    i.GPIO_WriteBit     stm32f10x_gpio.o
    0x08001b40   0x00000020   Code   RO         5571    i.GetEPRxAddr       usb_regs.o
    0x08001b60   0x00000024   Code   RO         5572    i.GetEPRxCount      usb_regs.o
    0x08001b84   0x00000020   Code   RO         5574    i.GetEPTxAddr       usb_regs.o
    0x08001ba4   0x00000034   Code   RO         4685    i.Get_SerialNum     hw_config.o
    0x08001bd8   0x000000d8   Code   RO         3943    i.Get_Start_Postion  interface_testing.o
    0x08001cb0   0x00000040   Code   RO         3944    i.Get_sampleBuffer_Max_Value  interface_testing.o
    0x08001cf0   0x00000004   Code   RO         3202    i.HardFault_Handler  stm32f10x_it.o
    0x08001cf4   0x0000004c   Code   RO         5139    i.HostComm_Config   hostcomm.o
    0x08001d40   0x00000014   Code   RO         5140    i.HostComm_Init     hostcomm.o
    0x08001d54   0x00000020   Code   RO         5141    i.HostComm_NVIC_Configuration  hostcomm.o
    0x08001d74   0x00000044   Code   RO         3577    i.HumanInput_Init   humaninput.o
    0x08001db8   0x00000040   Code   RO         4298    i.I2C_Ack           systemmanage_rtc.o
    0x08001df8   0x00000040   Code   RO         4299    i.I2C_NoAck         systemmanage_rtc.o
    0x08001e38   0x00000054   Code   RO         4300    i.IIC_ReadByte      systemmanage_rtc.o
    0x08001e8c   0x0000003c   Code   RO         4301    i.IIC_Start         systemmanage_rtc.o
    0x08001ec8   0x00000040   Code   RO         4302    i.IIC_Stop          systemmanage_rtc.o
    0x08001f08   0x00000054   Code   RO         4303    i.IIC_WaitAck       systemmanage_rtc.o
    0x08001f5c   0x00000064   Code   RO         4304    i.IIC_WriteByte     systemmanage_rtc.o
    0x08001fc0   0x00000070   Code   RO         5338    i.In0_Process       usb_core.o
    0x08002030   0x0000003e   Code   RO         4686    i.IntToUnicode      hw_config.o
    0x0800206e   0x00000002   PAD
    0x08002070   0x0000004c   Code   RO         4610    i.Interface_Insert_Cup  interface_insert_cup.o
    0x080020bc   0x00000114   Code   RO         3644    i.Interface_Key_Event  interface_main.o
    0x080021d0   0x0000003c   Code   RO         3645    i.Interface_Main    interface_main.o
    0x0800220c   0x00000044   Code   RO         3646    i.Interface_Main_font  interface_main.o
    0x08002250   0x00000034   Code   RO         3647    i.Interface_Process  interface_main.o
    0x08002284   0x0000007c   Code   RO         3762    i.Interface_Quick   interface_quick.o
    0x08002300   0x00000038   Code   RO         3763    i.Interface_Quick_font  interface_quick.o
    0x08002338   0x00000054   Code   RO         3816    i.Interface_Record  interface_record.o
    0x0800238c   0x00000060   Code   RO         3879    i.Interface_Result  interface_result.o
    0x080023ec   0x00000054   Code   RO         4578    i.Interface_Result_2  interface_result_2.o
    0x08002440   0x00000054   Code   RO         3847    i.Interface_Setting  interface_setting.o
    0x08002494   0x00000048   Code   RO         3726    i.Interface_Standard  interface_standard.o
    0x080024dc   0x00000050   Code   RO         3911    i.Interface_Start   interface_start.o
    0x0800252c   0x00000064   Code   RO         3945    i.Interface_Testing  interface_testing.o
    0x08002590   0x0000005c   Code   RO         3578    i.Key_Confirm       humaninput.o
    0x080025ec   0x0000007c   Code   RO         3579    i.Key_Left          humaninput.o
    0x08002668   0x00000064   Code   RO         3580    i.Key_Right         humaninput.o
    0x080026cc   0x0000005c   Code   RO         3403    i.LCD_FSMC_Config   displaydriver.o
    0x08002728   0x000000d4   Code   RO         3404    i.LCD_GPIO_Config   displaydriver.o
    0x080027fc   0x0000002c   Code   RO         3405    i.LCD_Rst           displaydriver.o
    0x08002828   0x00000048   Code   RO         3407    i.Lcd_ColorBox      displaydriver.o
    0x08002870   0x00000020   Code   RO         3408    i.Lcd_ColorSpot     displaydriver.o
    0x08002890   0x00000020   Code   RO         4687    i.Leave_LowPowerMode  hw_config.o
    0x080028b0   0x00000004   Code   RO         3203    i.MemManage_Handler  stm32f10x_it.o
    0x080028b4   0x00000002   Code   RO         3204    i.NMI_Handler       stm32f10x_it.o
    0x080028b6   0x00000002   Code   RO         5339    i.NOP_Process       usb_core.o
    0x080028b8   0x00000074   Code   RO          137    i.NVIC_Init         misc.o
    0x0800292c   0x00000014   Code   RO          138    i.NVIC_PriorityGroupConfig  misc.o
    0x08002940   0x00000134   Code   RO         5340    i.NoData_Setup0     usb_core.o
    0x08002a74   0x00000050   Code   RO         5341    i.Out0_Process      usb_core.o
    0x08002ac4   0x0000003c   Code   RO         4305    i.PCF8563_Init      systemmanage_rtc.o
    0x08002b00   0x00000138   Code   RO         4307    i.PCF8563_Read      systemmanage_rtc.o
    0x08002c38   0x00000024   Code   RO         5534    i.PMAToUserBufferCopy  usb_mem.o
    0x08002c5c   0x00000002   Code   RO         3205    i.PVD_IRQHandler    stm32f10x_it.o
    0x08002c5e   0x00000002   Code   RO         3206    i.PendSV_Handler    stm32f10x_it.o
    0x08002c60   0x00000048   Code   RO         5342    i.Post0_Process     usb_core.o
    0x08002ca8   0x00000040   Code   RO         5008    i.PowerOn           usb_pwr.o
    0x08002ce8   0x00000028   Code   RO         4212    i.QRCode_GPIO_Init  qrcode.o
    0x08002d10   0x0000000c   Code   RO         4214    i.QRCode_Init       qrcode.o
    0x08002d1c   0x00000010   Code   RO         4217    i.QRCode_Trigger_Disabled  qrcode.o
    0x08002d2c   0x00000010   Code   RO         4218    i.QRCode_Trigger_Enabled  qrcode.o
    0x08002d3c   0x0000004c   Code   RO         4219    i.QRCode_Uart_Config  qrcode.o
    0x08002d88   0x0000003c   Code   RO         4220    i.QRCode_Uart_GPIO_Init  qrcode.o
    0x08002dc4   0x00000018   Code   RO         4221    i.QRCode_Uart_Init  qrcode.o
    0x08002ddc   0x00000022   Code   RO         4222    i.QRCode_Uart_NVIC_Configuration  qrcode.o
    0x08002dfe   0x00000002   PAD
    0x08002e00   0x00000020   Code   RO         1729    i.RCC_AHBPeriphClockCmd  stm32f10x_rcc.o
    0x08002e20   0x00000020   Code   RO         1730    i.RCC_APB1PeriphClockCmd  stm32f10x_rcc.o
    0x08002e40   0x00000020   Code   RO         1732    i.RCC_APB2PeriphClockCmd  stm32f10x_rcc.o
    0x08002e60   0x00000020   Code   RO         3411    i.RCC_Configuration  displaydriver.o
    0x08002e80   0x000000d4   Code   RO         1740    i.RCC_GetClocksFreq  stm32f10x_rcc.o
    0x08002f54   0x0000000c   Code   RO         1758    i.RCC_USBCLKConfig  stm32f10x_rcc.o
    0x08002f60   0x000000d0   Code   RO         5009    i.Resume            usb_pwr.o
    0x08003030   0x00000024   Code   RO         5010    i.Resume_Init       usb_pwr.o
    0x08003054   0x00000050   Code   RO         3342    i.RotaMotorDriver_GPIO_Init  rotationmotor.o
    0x080030a4   0x00000064   Code   RO         4149    i.RotaMotorDriver_PositionSensor_Init  rotationmotordriver_positionsensor.o
    0x08003108   0x00000020   Code   RO         4150    i.RotaMotorDriver_PositionSensor_Int_Disable  rotationmotordriver_positionsensor.o
    0x08003128   0x0000000c   Code   RO         3343    i.RotationMotor_Init  rotationmotor.o
    0x08003134   0x0000002c   Code   RO         3344    i.RotationMotor_Input_StepDrive  rotationmotor.o
    0x08003160   0x000000c4   Code   RO         3345    i.RotationMotor_PIN  rotationmotor.o
    0x08003224   0x00000040   Code   RO         3346    i.RotationMotor_SelfCheck_StepDrive  rotationmotor.o
    0x08003264   0x00000020   Code   RO         3347    i.RotationMotor_StepDrive_Min  rotationmotor.o
    0x08003284   0x000000c0   Code   RO         4813    i.SOF_Callback      usb_endp.o
    0x08003344   0x00000018   Code   RO         2209    i.SPI_Cmd           stm32f10x_spi.o
    0x0800335c   0x00000012   Code   RO         2217    i.SPI_I2S_GetFlagStatus  stm32f10x_spi.o
    0x0800336e   0x00000004   Code   RO         2221    i.SPI_I2S_SendData  stm32f10x_spi.o
    0x08003372   0x0000003c   Code   RO         2222    i.SPI_Init          stm32f10x_spi.o
    0x080033ae   0x00000002   Code   RO         3207    i.SVC_Handler       stm32f10x_it.o
    0x080033b0   0x0000002c   Code   RO         3999    i.ScanMotorDriver_A1  scanmotordriver.o
    0x080033dc   0x0000002c   Code   RO         4000    i.ScanMotorDriver_A2  scanmotordriver.o
    0x08003408   0x0000002c   Code   RO         4001    i.ScanMotorDriver_B1  scanmotordriver.o
    0x08003434   0x0000002c   Code   RO         4002    i.ScanMotorDriver_B2  scanmotordriver.o
    0x08003460   0x00000020   Code   RO         4003    i.ScanMotorDriver_Control  scanmotordriver.o
    0x08003480   0x00000098   Code   RO         4004    i.ScanMotorDriver_GPIO_Init  scanmotordriver.o
    0x08003518   0x0000002c   Code   RO         4005    i.ScanMotorDriver_Goto_BasePosition  scanmotordriver.o
    0x08003544   0x00000014   Code   RO         4006    i.ScanMotorDriver_Goto_CentrePosition  scanmotordriver.o
    0x08003558   0x00000014   Code   RO         4007    i.ScanMotorDriver_Goto_DetectionPosition  scanmotordriver.o
    0x0800356c   0x0000000c   Code   RO         4008    i.ScanMotorDriver_Init  scanmotordriver.o
    0x08003578   0x00000048   Code   RO         4009    i.ScanMotorDriver_Move  scanmotordriver.o
    0x080035c0   0x0000008e   Code   RO         4010    i.ScanMotorDriver_MoveOneStep  scanmotordriver.o
    0x0800364e   0x00000002   PAD
    0x08003650   0x00000064   Code   RO         4125    i.ScanMotorDriver_PositionSensor_Init  scanmotordriver_positionsensor.o
    0x080036b4   0x00000020   Code   RO         4126    i.ScanMotorDriver_PositionSensor_Int_Disable  scanmotordriver_positionsensor.o
    0x080036d4   0x00000020   Code   RO         4127    i.ScanMotorDriver_PositionSensor_Int_Enable  scanmotordriver_positionsensor.o
    0x080036f4   0x00000040   Code   RO         4012    i.ScanMotorDriver_SelfCheck_StepDrive  scanmotordriver.o
    0x08003734   0x00000010   Code   RO         5582    i.SetBTABLE         usb_regs.o
    0x08003744   0x00000048   Code   RO         5343    i.SetDeviceAddress  usb_core.o
    0x0800378c   0x00000024   Code   RO         5596    i.SetEPRxAddr       usb_regs.o
    0x080037b0   0x0000004c   Code   RO         5597    i.SetEPRxCount      usb_regs.o
    0x080037fc   0x0000003c   Code   RO         5598    i.SetEPRxStatus     usb_regs.o
    0x08003838   0x0000002c   Code   RO         5599    i.SetEPRxValid      usb_regs.o
    0x08003864   0x00000020   Code   RO         5600    i.SetEPTxAddr       usb_regs.o
    0x08003884   0x0000001c   Code   RO         5601    i.SetEPTxCount      usb_regs.o
    0x080038a0   0x0000003c   Code   RO         5602    i.SetEPTxStatus     usb_regs.o
    0x080038dc   0x0000002c   Code   RO         5603    i.SetEPTxValid      usb_regs.o
    0x08003908   0x0000001c   Code   RO         5604    i.SetEPType         usb_regs.o
    0x08003924   0x00000008   Code   RO           24    i.SetSysClock       system_stm32f10x.o
    0x0800392c   0x000000c8   Code   RO           25    i.SetSysClockTo72   system_stm32f10x.o
    0x080039f4   0x00000050   Code   RO         4688    i.Set_System        hw_config.o
    0x08003a44   0x00000012   Code   RO         4689    i.Set_USBClock      hw_config.o
    0x08003a56   0x00000002   PAD
    0x08003a58   0x000000b8   Code   RO         5344    i.Setup0_Process    usb_core.o
    0x08003b10   0x00000010   Code   RO         4400    i.SignalProcess_Collecting_Data  signalprocess_sample.o
    0x08003b20   0x0000003a   Code   RO         3946    i.SignalSample_Moving_Average_Data  interface_testing.o
    0x08003b5a   0x00000002   Code   RO         4403    i.SignalSample_OutputSamples  signalprocess_sample.o
    0x08003b5c   0x000000ac   Code   RO         4406    i.SignalSample_SampleStrip  signalprocess_sample.o
    0x08003c08   0x0000009c   Code   RO         4407    i.SignalSample_Sample_AD84XX_Init  signalprocess_sample.o
    0x08003ca4   0x00000020   Code   RO         4408    i.SignalSample_Sample_AD84XX_SendByte  signalprocess_sample.o
    0x08003cc4   0x00000094   Code   RO         4409    i.SignalSample_Sample_ADC_Init  signalprocess_sample.o
    0x08003d58   0x0000001c   Code   RO         4410    i.SignalSample_Sample_EnterCriticalArea  signalprocess_sample.o
    0x08003d74   0x0000000a   Code   RO         4411    i.SignalSample_Sample_ExitCriticalArea  signalprocess_sample.o
    0x08003d7e   0x0000001c   Code   RO         4412    i.SignalSample_Sample_Init  signalprocess_sample.o
    0x08003d9a   0x00000002   PAD
    0x08003d9c   0x00000028   Code   RO         4414    i.SignalSample_Sample_LED_Init  signalprocess_sample.o
    0x08003dc4   0x0000005c   Code   RO         4415    i.SignalSample_Sample_Sampling  signalprocess_sample.o
    0x08003e20   0x00000014   Code   RO         4416    i.SignalSample_Sample_SetResistor  signalprocess_sample.o
    0x08003e34   0x00000020   Code   RO         4417    i.SignalSample_Sample_Set_LED  signalprocess_sample.o
    0x08003e54   0x00000018   Code   RO         4418    i.SignalSample_Sample_Start  signalprocess_sample.o
    0x08003e6c   0x00000014   Code   RO         4419    i.SignalSample_Sample_Stop  signalprocess_sample.o
    0x08003e80   0x00000030   Code   RO         4420    i.SignalSample_Sample_Strip_Sensor_Init  signalprocess_sample.o
    0x08003eb0   0x00000018   Code   RO         4422    i.SignalSample_Sample_Timer_Disabled  signalprocess_sample.o
    0x08003ec8   0x0000005c   Code   RO         4423    i.SignalSample_Sample_Timer_Init  signalprocess_sample.o
    0x08003f24   0x00000014   Code   RO         4424    i.SignalSample_Sample_Timer_Int  signalprocess_sample.o
    0x08003f38   0x00000034   Code   RO         4426    i.SignalSample_SetResistor  signalprocess_sample.o
    0x08003f6c   0x00000150   Code   RO         5345    i.Standard_ClearFeature  usb_core.o
    0x080040bc   0x0000002c   Code   RO         5346    i.Standard_GetConfiguration  usb_core.o
    0x080040e8   0x00000024   Code   RO         5347    i.Standard_GetDescriptorData  usb_core.o
    0x0800410c   0x0000002c   Code   RO         5348    i.Standard_GetInterface  usb_core.o
    0x08004138   0x000000f8   Code   RO         5349    i.Standard_GetStatus  usb_core.o
    0x08004230   0x00000048   Code   RO         5350    i.Standard_SetConfiguration  usb_core.o
    0x08004278   0x00000028   Code   RO         5351    i.Standard_SetDeviceFeature  usb_core.o
    0x080042a0   0x000000bc   Code   RO         5352    i.Standard_SetEndPointFeature  usb_core.o
    0x0800435c   0x0000006c   Code   RO         5353    i.Standard_SetInterface  usb_core.o
    0x080043c8   0x0000005c   Code   RO         3131    i.Status_Init       main.o
    0x08004424   0x000000f0   Code   RO         5011    i.Suspend           usb_pwr.o
    0x08004514   0x000000c0   Code   RO         3208    i.SysTick_Handler   stm32f10x_it.o
    0x080045d4   0x0000005c   Code   RO         3132    i.SysTick_Init      main.o
    0x08004630   0x00000060   Code   RO           27    i.SystemInit        system_stm32f10x.o
    0x08004690   0x00000010   Code   RO         4014    i.SystemManage_5V_Disabled  scanmotordriver.o
    0x080046a0   0x00000010   Code   RO         4015    i.SystemManage_5V_Enabled  scanmotordriver.o
    0x080046b0   0x0000001c   Code   RO         3581    i.SystemManage_CheckPowerOff  humaninput.o
    0x080046cc   0x000000b0   Code   RO         4814    i.TIM2_IRQHandler   usb_endp.o
    0x0800477c   0x0000002c   Code   RO         3209    i.TIM3_IRQHandler   stm32f10x_it.o
    0x080047a8   0x00000002   Code   RO         3210    i.TIM4_IRQHandler   stm32f10x_it.o
    0x080047aa   0x00000002   Code   RO         3211    i.TIM7_IRQHandler   stm32f10x_it.o
    0x080047ac   0x00000006   Code   RO         2359    i.TIM_ClearITPendingBit  stm32f10x_tim.o
    0x080047b2   0x00000018   Code   RO         2364    i.TIM_Cmd           stm32f10x_tim.o
    0x080047ca   0x00000022   Code   RO         2385    i.TIM_GetITStatus   stm32f10x_tim.o
    0x080047ec   0x00000018   Code   RO         2389    i.TIM_ITConfig      stm32f10x_tim.o
    0x08004804   0x000000a4   Code   RO         2435    i.TIM_TimeBaseInit  stm32f10x_tim.o
    0x080048a8   0x00000008   Code   RO         4815    i.TimeOut_Reload    usb_endp.o
    0x080048b0   0x00000018   Code   RO         3133    i.TimingDelay_Decrement  main.o
    0x080048c8   0x00000068   Code   RO         3648    i.UI_Draw_Block     interface_main.o
    0x08004930   0x00000048   Code   RO         4611    i.UI_Draw_Block_Insert_Cup  interface_insert_cup.o
    0x08004978   0x00000060   Code   RO         3764    i.UI_Draw_Block_Quick  interface_quick.o
    0x080049d8   0x00000048   Code   RO         3765    i.UI_Draw_Block_Quick_Font  interface_quick.o
    0x08004a20   0x00000054   Code   RO         3817    i.UI_Draw_Block_Record  interface_record.o
    0x08004a74   0x00000054   Code   RO         3848    i.UI_Draw_Block_Setting  interface_setting.o
    0x08004ac8   0x00000048   Code   RO         3727    i.UI_Draw_Block_Standard  interface_standard.o
    0x08004b10   0x000000f0   Code   RO         3649    i.UI_Draw_Block_font  interface_main.o
    0x08004c00   0x00000050   Code   RO         3650    i.UI_Draw_Status_Bar  interface_main.o
    0x08004c50   0x00000024   Code   RO         3651    i.UI_Draw_Window    interface_main.o
    0x08004c74   0x00000024   Code   RO         4612    i.UI_Draw_Window_Insert_Cup  interface_insert_cup.o
    0x08004c98   0x00000024   Code   RO         3766    i.UI_Draw_Window_Quick  interface_quick.o
    0x08004cbc   0x00000024   Code   RO         3767    i.UI_Draw_Window_Quick_font  interface_quick.o
    0x08004ce0   0x0000002c   Code   RO         3818    i.UI_Draw_Window_Record  interface_record.o
    0x08004d0c   0x00000024   Code   RO         3880    i.UI_Draw_Window_Result  interface_result.o
    0x08004d30   0x00000024   Code   RO         4579    i.UI_Draw_Window_Result_2  interface_result_2.o
    0x08004d54   0x0000002c   Code   RO         3849    i.UI_Draw_Window_Setting  interface_setting.o
    0x08004d80   0x0000004c   Code   RO         3728    i.UI_Draw_Window_Standard  interface_standard.o
    0x08004dcc   0x00000054   Code   RO         3912    i.UI_Draw_Window_Start  interface_start.o
    0x08004e20   0x00000024   Code   RO         3947    i.UI_Draw_Window_Testing  interface_testing.o
    0x08004e44   0x0000002c   Code   RO         3652    i.UI_Draw_Window_font  interface_main.o
    0x08004e70   0x00000060   Code   RO         3881    i.UI_Draw_block_Result  interface_result.o
    0x08004ed0   0x00000060   Code   RO         4580    i.UI_Draw_block_Result_2  interface_result_2.o
    0x08004f30   0x00000048   Code   RO         3913    i.UI_Draw_block_Start  interface_start.o
    0x08004f78   0x00000048   Code   RO         3948    i.UI_Draw_block_Testing  interface_testing.o
    0x08004fc0   0x00000058   Code   RO         4223    i.USART1_IRQHandler  qrcode.o
    0x08005018   0x000000dc   Code   RO         5152    i.USART2_IRQHandler  hostcomm.o
    0x080050f4   0x00000012   Code   RO         2896    i.USART_ClearFlag   stm32f10x_usart.o
    0x08005106   0x0000001e   Code   RO         2897    i.USART_ClearITPendingBit  stm32f10x_usart.o
    0x08005124   0x00000018   Code   RO         2900    i.USART_Cmd         stm32f10x_usart.o
    0x0800513c   0x00000054   Code   RO         2904    i.USART_GetITStatus  stm32f10x_usart.o
    0x08005190   0x0000004a   Code   RO         2906    i.USART_ITConfig    stm32f10x_usart.o
    0x080051da   0x00000002   PAD
    0x080051dc   0x000000d8   Code   RO         2907    i.USART_Init        stm32f10x_usart.o
    0x080052b4   0x0000000a   Code   RO         2914    i.USART_ReceiveData  stm32f10x_usart.o
    0x080052be   0x0000000c   Code   RO         4882    i.USBWakeUp_IRQHandler  usb_it.o
    0x080052ca   0x00000002   PAD
    0x080052cc   0x00000098   Code   RO         5086    i.USB_BasicInit     usb.o
    0x08005364   0x00000024   Code   RO         4690    i.USB_Cable_Config  hw_config.o
    0x08005388   0x00000014   Code   RO         4691    i.USB_Config        hw_config.o
    0x0800539c   0x0000003c   Code   RO         5481    i.USB_Init          usb_init.o
    0x080053d8   0x00000022   Code   RO         4692    i.USB_Interrupts_Config  hw_config.o
    0x080053fa   0x00000002   PAD
    0x080053fc   0x000001c0   Code   RO         4864    i.USB_Istr          usb_istr.o
    0x080055bc   0x00000008   Code   RO         4883    i.USB_LP_CAN1_RX0_IRQHandler  usb_it.o
    0x080055c4   0x00000024   Code   RO         5912    i.USB_SIL_Init      usb_sil.o
    0x080055e8   0x0000002e   Code   RO         5913    i.USB_SIL_Read      usb_sil.o
    0x08005616   0x00000002   PAD
    0x08005618   0x00000018   Code   RO         5087    i.USB_VirtualCOM_Init  usb.o
    0x08005630   0x00000004   Code   RO         3212    i.UsageFault_Handler  stm32f10x_it.o
    0x08005634   0x00000038   Code   RO         5535    i.UserToPMABufferCopy  usb_mem.o
    0x0800566c   0x00000064   Code   RO         4906    i.Virtual_Com_Port_Data_Setup  usb_prop.o
    0x080056d0   0x00000014   Code   RO         4907    i.Virtual_Com_Port_GetConfigDescriptor  usb_prop.o
    0x080056e4   0x00000014   Code   RO         4908    i.Virtual_Com_Port_GetDeviceDescriptor  usb_prop.o
    0x080056f8   0x0000001c   Code   RO         4909    i.Virtual_Com_Port_GetLineCoding  usb_prop.o
    0x08005714   0x00000028   Code   RO         4910    i.Virtual_Com_Port_GetStringDescriptor  usb_prop.o
    0x0800573c   0x00000016   Code   RO         4911    i.Virtual_Com_Port_Get_Interface_Setting  usb_prop.o
    0x08005752   0x00000002   PAD
    0x08005754   0x00000028   Code   RO         4912    i.Virtual_Com_Port_NoData_Setup  usb_prop.o
    0x0800577c   0x000000e8   Code   RO         4913    i.Virtual_Com_Port_Reset  usb_prop.o
    0x08005864   0x00000018   Code   RO         4914    i.Virtual_Com_Port_SetConfiguration  usb_prop.o
    0x0800587c   0x0000000c   Code   RO         4915    i.Virtual_Com_Port_SetDeviceAddress  usb_prop.o
    0x08005888   0x0000001c   Code   RO         4916    i.Virtual_Com_Port_SetLineCoding  usb_prop.o
    0x080058a4   0x00000014   Code   RO         4917    i.Virtual_Com_Port_Status_In  usb_prop.o
    0x080058b8   0x00000002   Code   RO         4918    i.Virtual_Com_Port_Status_Out  usb_prop.o
    0x080058ba   0x00000002   PAD
    0x080058bc   0x00000028   Code   RO         4919    i.Virtual_Com_Port_init  usb_prop.o
    0x080058e4   0x00000008   Code   RO         3413    i.WriteComm         displaydriver.o
    0x080058ec   0x0000000c   Code   RO         3414    i.WriteData         displaydriver.o
    0x080058f8   0x00000028   Code   RO         6154    i.__0sprintf$8      mc_w.l(printf8.o)
    0x08005920   0x0000000e   Code   RO         6259    i.__scatterload_copy  mc_w.l(handlers.o)
    0x0800592e   0x00000002   Code   RO         6260    i.__scatterload_null  mc_w.l(handlers.o)
    0x08005930   0x0000000e   Code   RO         6261    i.__scatterload_zeroinit  mc_w.l(handlers.o)
    0x0800593e   0x00000002   PAD
    0x08005940   0x00000420   Code   RO         6159    i._printf_core      mc_w.l(printf8.o)
    0x08005d60   0x00000026   Code   RO         6160    i._printf_post_padding  mc_w.l(printf8.o)
    0x08005d86   0x00000030   Code   RO         6161    i._printf_pre_padding  mc_w.l(printf8.o)
    0x08005db6   0x0000000a   Code   RO         6163    i._sputc            mc_w.l(printf8.o)
    0x08005dc0   0x00000044   Code   RO         3134    i.main              main.o
    0x08005e04   0x00003bd2   Data   RO         3521    .constdata          displaydriver_fontlib.o
    0x080099d6   0x00000002   PAD
    0x080099d8   0x00010754   Data   RO         3653    .constdata          interface_main.o
    0x0801a12c   0x00000020   Data   RO         4177    .constdata          common.o
    0x0801a14c   0x00000097   Data   RO         4798    .constdata          usb_desc.o
    0x0801a1e3   0x0000001e   Data   RO         3654    .conststring        interface_main.o
    0x0801a201   0x00000057   Data   RO         3729    .conststring        interface_standard.o
    0x0801a258   0x0000002f   Data   RO         3768    .conststring        interface_quick.o
    0x0801a287   0x00000014   Data   RO         3819    .conststring        interface_record.o
    0x0801a29b   0x0000001a   Data   RO         3850    .conststring        interface_setting.o
    0x0801a2b5   0x0000003c   Data   RO         3882    .conststring        interface_result.o
    0x0801a2f1   0x0000000b   Data   RO         3949    .conststring        interface_testing.o
    0x0801a2fc   0x00000036   Data   RO         4581    .conststring        interface_result_2.o
    0x0801a332   0x00000017   Data   RO         4613    .conststring        interface_insert_cup.o
    0x0801a349   0x00000003   PAD
    0x0801a34c   0x00000020   Data   RO         6257    Region$$Table       anon$$obj.o


    Execution Region RW_IRAM1 (Base: 0x20000004, Size: 0x00006084, Max: 0x0000fffc, ABSOLUTE, COMPRESSED[0x00000590])

    Base Addr    Size         Type   Attr      Idx    E Section Name        Object

    0x20000004   0x00000014   Data   RW         1760    .data               stm32f10x_rcc.o
    0x20000018   0x00000008   Data   RW         3135    .data               main.o
    0x20000020   0x00000018   Data   RW         3214    .data               stm32f10x_it.o
    0x20000038   0x00000026   Data   RW         3348    .data               rotationmotor.o
    0x2000005e   0x00000005   Data   RW         3582    .data               humaninput.o
    0x20000063   0x00000001   PAD
    0x20000064   0x00000158   Data   RW         3655    .data               interface_main.o
    0x200001bc   0x000003f4   Data   RW         3730    .data               interface_standard.o
    0x200005b0   0x00000174   Data   RW         3769    .data               interface_quick.o
    0x20000724   0x00000184   Data   RW         3820    .data               interface_record.o
    0x200008a8   0x000000a0   Data   RW         3851    .data               interface_setting.o
    0x20000948   0x000001a8   Data   RW         3883    .data               interface_result.o
    0x20000af0   0x000003ac   Data   RW         3915    .data               interface_start.o
    0x20000e9c   0x0000004c   Data   RW         3950    .data               interface_testing.o
    0x20000ee8   0x00000009   Data   RW         4016    .data               scanmotordriver.o
    0x20000ef1   0x00000001   PAD
    0x20000ef2   0x00000004   Data   RW         4225    .data               qrcode.o
    0x20000ef6   0x00000010   Data   RW         4312    .data               systemmanage_rtc.o
    0x20000f06   0x0000000a   Data   RW         4428    .data               signalprocess_sample.o
    0x20000f10   0x00000168   Data   RW         4582    .data               interface_result_2.o
    0x20001078   0x00000094   Data   RW         4614    .data               interface_insert_cup.o
    0x2000110c   0x00000001   Data   RW         4647    .data               comm_fifo.o
    0x2000110d   0x00000003   PAD
    0x20001110   0x0000000c   Data   RW         4694    .data               hw_config.o
    0x2000111c   0x00000026   Data   RW         4799    .data               usb_desc.o
    0x20001142   0x00000002   PAD
    0x20001144   0x0000000e   Data   RW         4817    .data               usb_endp.o
    0x20001152   0x00000002   PAD
    0x20001154   0x00000046   Data   RW         4865    .data               usb_istr.o
    0x2000119a   0x00000002   PAD
    0x2000119c   0x00000094   Data   RW         4920    .data               usb_prop.o
    0x20001230   0x0000000e   Data   RW         5013    .data               usb_pwr.o
    0x2000123e   0x00000002   PAD
    0x20001240   0x00000018   Data   RW         5155    .data               hostcomm.o
    0x20001258   0x00000004   Data   RW         5354    .data               usb_core.o
    0x2000125c   0x00000014   Data   RW         5483    .data               usb_init.o
    0x20001270   0x00000004   Data   RW         5506    .data               usb_int.o
    0x20001274   0x00000190   Zero   RW         4224    .bss                qrcode.o
    0x20001404   0x00000032   Zero   RW         4427    .bss                signalprocess_sample.o
    0x20001436   0x00001f48   Zero   RW         4646    .bss                comm_fifo.o
    0x2000337e   0x00000800   Zero   RW         4816    .bss                usb_endp.o
    0x20003b7e   0x00000002   PAD
    0x20003b80   0x00000020   Zero   RW         5012    .bss                usb_pwr.o
    0x20003ba0   0x000014c8   Zero   RW         5154    .bss                hostcomm.o
    0x20005068   0x0000001c   Zero   RW         5482    .bss                usb_init.o
    0x20005084   0x00000004   PAD
    0x20005088   0x00001000   Zero   RW           17    STACK               startup_stm32f10x_hd.o


==============================================================================

Image component sizes


      Code (inc. data)   RO Data    RW Data    ZI Data      Debug   Object Name

       162          0          0          1       8008       2194   comm_fifo.o
       194          6         32          0          0       2900   common.o
         0          0          0          0          0       4192   core_cm3.o
      1218         50          0          0          0       8669   displaydriver.o
         0          0      15314          0          0       1947   displaydriver_fontlib.o
       898         16          0          0          0       3369   font.o
       348         40          0         24       5320       5764   hostcomm.o
       694         78          0          5          0       4327   humaninput.o
       334         36          0         12          0       7936   hw_config.o
       184         36         23        148          0       3014   interface_insert_cup.o
      1300        128      67442        344          0      10644   interface_main.o
       420         72         47        372          0       5178   interface_quick.o
       212         36         20        388          0       3143   interface_record.o
       228         46         60        424          0       3383   interface_result.o
       216         40         54        360          0       3303   interface_result_2.o
       212         36         26        160          0       3078   interface_setting.o
       220         34         87       1012          0       5555   interface_standard.o
       236         40          0        940          0       3314   interface_start.o
       678         58         11         76          0       5850   interface_testing.o
       296         38          0          8          0      17504   main.o
       136         24          0          0          0     217243   misc.o
       366         48          0          4        400       5017   qrcode.o
       448         30          0         38          0       4480   rotationmotor.o
       132          4          0          0          0       1251   rotationmotordriver_positionsensor.o
       776         78          0          9          0       8709   scanmotordriver.o
       164          4          0          0          0       1783   scanmotordriver_positionsensor.o
      1056        100          0         10         50      13084   signalprocess_sample.o
        36          8        304          0       4096        756   startup_stm32f10x_hd.o
       394         10          0          0          0       7365   stm32f10x_adc.o
       200         18          0          0          0       1860   stm32f10x_exti.o
       276          6          0          0          0       1629   stm32f10x_fsmc.o
       518         10          0          0          0       5196   stm32f10x_gpio.o
       484         56          0         24          0       9908   stm32f10x_it.o
       320         44          0         20          0       5105   stm32f10x_rcc.o
       106          0          0          0          0       2984   stm32f10x_spi.o
       252         42          0          0          0       3210   stm32f10x_tim.o
       456          6          0          0          0       5698   stm32f10x_usart.o
       304         26          0          0          0      60857   system_stm32f10x.o
       912         38          0         16          0       6793   systemmanage_rtc.o
       176         12          0          0          0       1038   usb.o
      2978        284          0          4          0      15371   usb_core.o
         0          0        151         38          0        939   usb_desc.o
       442         50          0         14       2048       3788   usb_endp.o
        60         24          0         20         28       3750   usb_init.o
       608         30          0          4          0       1460   usb_int.o
       448         34          0         70          0       1419   usb_istr.o
        20          0          0          0          0        824   usb_it.o
        92          8          0          0          0       1488   usb_mem.o
       628        102          0        148          0      10501   usb_prop.o
       548         54          0         14         32       3364   usb_pwr.o
       656        102          0          0          0       8151   usb_regs.o
        82          8          0          0          0       1182   usb_sil.o

    ----------------------------------------------------------------------
     22156       2050      83608       4720      19988     521467   Object Totals
         0          0         32          0          0          0   (incl. Generated)
        32          0          5         13          6          0   (incl. Padding)

    ----------------------------------------------------------------------

      Code (inc. data)   RO Data    RW Data    ZI Data      Debug   Library Member Name

        92          0          0          0          0          0   __dczerorl2.o
         0          0          0          0          0          0   entry.o
         8          4          0          0          0          0   entry2.o
         4          0          0          0          0          0   entry5.o
         0          0          0          0          0          0   entry7b.o
         8          4          0          0          0          0   entry8.o
        30          0          0          0          0          0   handlers.o
        36          8          0          0          0         68   init.o
        30          0          0          0          0         68   llshl.o
        32          0          0          0          0         68   llushr.o
        36          0          0          0          0         68   memcpya.o
        38          0          0          0          0        108   memseta.o
      1192         52          0          0          0        420   printf8.o
        98          0          0          0          0         92   uldiv.o

    ----------------------------------------------------------------------
      1608         68          0          0          0        892   Library Totals
         4          0          0          0          0          0   (incl. Padding)

    ----------------------------------------------------------------------

      Code (inc. data)   RO Data    RW Data    ZI Data      Debug   Library Name

      1604         68          0          0          0        892   mc_w.l

    ----------------------------------------------------------------------
      1608         68          0          0          0        892   Library Totals

    ----------------------------------------------------------------------

==============================================================================


      Code (inc. data)   RO Data    RW Data    ZI Data      Debug   

     23764       2118      83608       4720      19988     506655   Grand Totals
     23764       2118      83608       1424      19988     506655   ELF Image Totals (compressed)
     23764       2118      83608       1424          0          0   ROM Totals

==============================================================================

    Total RO  Size (Code + RO Data)               107372 ( 104.86kB)
    Total RW  Size (RW Data + ZI Data)             24708 (  24.13kB)
    Total ROM Size (Code + RO Data + RW Data)     108796 ( 106.25kB)

==============================================================================

